=== VDJ Automated Stems Test ===

Cleaning up...
Looking for test audio file...
  Found: C:\Users\peopl\Music\3LAU, Yeah Boy, Sultan + Shepard - Is It Love - Sultan + Shepard Remix.mp3

Starting DebugView...
Starting VirtualDJ with test file...
  Process ID: 16984

Waiting 10 seconds for VirtualDJ to load...
Attempting to trigger stems separation...
  Waiting 60 seconds for stems processing to complete...

Stopping processes...

=== Debug Output ===
Total lines captured: 2120

VDJ-GPU-Proxy messages:
==============================
00000002	2.67763352	[16984] VDJ-GPU-Proxy: OrtGetApiBase called
00000003	2.67768669	[16984] VDJ-GPU-Proxy: InitializeProxyCallback starting
00000004	2.67772388	[16984] VDJ-GPU-Proxy: CritSec initialized
00000005	2.67784953	[16984] VDJ-GPU-Proxy: Config loaded
00000006	2.67792320	[16984] VDJ-GPU-Proxy: Loading real DLL from: 
00000009	2.68500757	[16984] VDJ-GPU-Proxy: Real DLL loaded successfully
00000010	2.68506622	[16984] VDJ-GPU-Proxy: Returning hooked API
00000011	2.68513322	[16984] VDJ-GPU-Proxy: HookedGetApi called with version 13
00000012	2.68515468	[16984] VDJ-GPU-Proxy: InitializeApiCallback starting
00000013	2.68518353	[16984] VDJ-GPU-Proxy: Requesting API version 13 (ORT_API_VERSION=16)
00000014	2.68522358	[16984] VDJ-GPU-Proxy: Copying API struct and installing hooks
00000015	2.68525004	[16984] VDJ-GPU-Proxy: API hooks installed successfully
00000016	2.68527961	[16984] VDJ-GPU-Proxy: InitOnceExecuteOnce returned 1, g_OriginalApi=00007FFFDBEFDDA0
00000019	10.17813683	[16984] VDJ-GPU-Proxy: Connecting via HTTP gateway...
00000022	10.17865372	[16984] HTTP: HttpClient created
00000023	10.17869473	[16984] HTTP: Global HttpClient initialized
00000024	10.18027782	[16984] HTTP: Connect START url=https://vdj-gpu-direct.ai-smith.net
00000025	10.18039322	[16984] HTTP: Parsed HTTPS, stripped prefix
00000026	10.18047714	[16984] HTTP: Host=vdj-gpu-direct.ai-smith.net Port=443 SSL=1
00000027	10.18101597	[16984] HTTP: WinHttpOpen...
00000028	10.19261265	[16984] HTTP: WinHttpOpen OK hSession=000002724A147520
00000029	10.19275761	[16984] HTTP: WinHttpConnect host=vdj-gpu-direct.ai-smith.net port=443
00000030	10.19293880	[16984] HTTP: WinHttpConnect OK hConnect=000002722631B6F0
00000031	10.19310379	[16984] HTTP: Testing connection with /health...
00000032	10.19312668	[16984] HTTP: DoRequest START method=GET path=/health bodyLen=0
00000033	10.19317150	[16984] HTTP: WinHttpOpenRequest flags=8388608 (SSL=1)
00000034	10.19329166	[16984] HTTP: WinHttpOpenRequest OK hRequest=000002724DF3BAF0
00000035	10.19489098	[16984] HTTP: WinHttpSendRequest headers=(none) bodyLen=0
00000036	10.84089088	[16984] HTTP: WinHttpSendRequest OK
00000037	10.84091568	[16984] HTTP: WinHttpReceiveResponse...
00000038	10.84096432	[16984] HTTP: Response status=200
00000039	10.84099579	[16984] HTTP: Read 15 bytes (total 15)
00000040	10.84152603	[16984] HTTP: DoRequest END responseLen=15
00000041	10.84154606	[16984] HTTP: Response preview: {"status":"ok"}
00000042	10.84156036	[16984] HTTP: Health check OK - connected!
00000043	10.84157467	[16984] HTTP: Connect END connected=1
00000044	10.84158993	[16984] HTTP: GetServerInfo...
00000045	10.84160519	[16984] HTTP: DoRequest START method=GET path=/info bodyLen=0
00000046	10.84161854	[16984] HTTP: WinHttpOpenRequest flags=8388608 (SSL=1)
00000047	10.84165287	[16984] HTTP: WinHttpOpenRequest OK hRequest=000002724DF3BAF0
00000048	10.84166813	[16984] HTTP: WinHttpSendRequest headers=(none) bodyLen=0
00000049	10.92841816	[16984] HTTP: WinHttpSendRequest OK
00000050	10.92844677	[16984] HTTP: WinHttpReceiveResponse...
00000051	10.92849731	[16984] HTTP: Response status=200
00000052	10.92852974	[16984] HTTP: Read 77 bytes (total 77)
00000053	10.92859554	[16984] HTTP: DoRequest END responseLen=77
00000054	10.92861271	[16984] HTTP: Response preview: {"version":"1.0.0","model_name":"htdemucs","gpu_memory_mb":6143,"ready":true}
00000055	10.92864418	[16984] HTTP: ServerInfo version=1.0.0 model=htdemucs ready=1
00000056	10.92866325	[16984] VDJ-GPU-Proxy: Connected to 1.0.0 (model: htdemucs)
00000057	10.92868042	[16984] VDJ-GPU-Proxy: Connected!
00000058	10.93239117	[16984] VDJ-GPU-Proxy: Squeezing batch dimension from input[0]: [1,2,531456] -> [2,531456]
00000059	10.95070839	[16984] HTTP: RunInference START session=1 inputs=2 outputs=4
00000060	10.95090485	[16984] HTTP: Input[0] name=input shape=[2,531456] dtype=1 dataLen=4251648
00000061	10.95102882	[16984] HTTP: Input[1] name=input2 shape=[1,4,2048,519] dtype=1 dataLen=17006592
00000062	10.95106220	[16984] HTTP: Building JSON request...
00000063	10.95110035	[16984] HTTP: Estimated JSON size: 28347392 bytes (27.03 MB)
00000064	11.05601120	[16984] HTTP: Request JSON length=28344515
00000065	11.05608082	[16984] HTTP: Sending POST /inference...
00000066	11.05612755	[16984] HTTP: DoRequest START method=POST path=/inference bodyLen=28344515
00000067	11.05614662	[16984] HTTP: WinHttpOpenRequest flags=8388608 (SSL=1)
00000068	11.05620861	[16984] HTTP: WinHttpOpenRequest OK hRequest=000002724DF3BAF0
00000069	11.05622768	[16984] HTTP: WinHttpSendRequest headers=Content-Type: application/json bodyLen=28344515
00000070	11.05624390	[16984] HTTP: Memory available: 497 MB (load: 93%)
00000089	48.01821518	[16984] HTTP: WinHttpSendRequest OK
00000090	48.01824188	[16984] HTTP: WinHttpReceiveResponse...
00000091	48.01836395	[16984] HTTP: Response status=200
00000092	48.03567505	[16984] HTTP: Read 8191 bytes (total 8191)
00000093	48.03589630	[16984] HTTP: Read 8191 bytes (total 16382)
00000094	48.07416916	[16984] HTTP: Read 8191 bytes (total 24573)
00000095	48.08200455	[16984] HTTP: Read 8191 bytes (total 32764)
00000096	48.11887360	[16984] HTTP: Read 8191 bytes (total 40955)
00000097	48.12735748	[16984] HTTP: Read 8191 bytes (total 49146)
00000098	48.16142654	[16984] HTTP: Read 8191 bytes (total 57337)
00000099	48.16149902	[16984] HTTP: Read 8191 bytes (total 65528)
00000100	48.20552063	[16984] HTTP: Read 8191 bytes (total 73719)
00000101	48.20562744	[16984] HTTP: Read 8191 bytes (total 81910)
00000102	48.25231934	[16984] HTTP: Read 8191 bytes (total 90101)
00000103	48.28679657	[16984] HTTP: Read 8191 bytes (total 98292)
00000104	48.28696823	[16984] HTTP: Read 8191 bytes (total 106483)
00000105	48.31488419	[16984] HTTP: Read 8191 bytes (total 114674)
00000106	48.31512451	[16984] HTTP: Read 8191 bytes (total 122865)
00000107	48.36429596	[16984] HTTP: Read 8191 bytes (total 131056)
00000108	48.36451340	[16984] HTTP: Read 8191 bytes (total 139247)
00000109	48.40849686	[16984] HTTP: Read 8191 bytes (total 147438)
00000110	48.40858841	[16984] HTTP: Read 8191 bytes (total 155629)
00000111	48.45338058	[16984] HTTP: Read 8191 bytes (total 163820)
00000112	48.45354080	[16984] HTTP: Read 8191 bytes (total 172011)
00000113	48.48644638	[16984] HTTP: Read 8191 bytes (total 180202)
00000114	48.48665619	[16984] HTTP: Read 8191 bytes (total 188393)
00000115	48.62166595	[16984] HTTP: Read 8191 bytes (total 196584)
00000116	48.62179184	[16984] HTTP: Read 8191 bytes (total 204775)
00000117	48.62191772	[16984] HTTP: Read 8191 bytes (total 212966)
00000118	48.62196350	[16984] HTTP: Read 8191 bytes (total 221157)
00000119	48.65763474	[16984] HTTP: Read 8191 bytes (total 229348)
00000120	48.65772629	[16984] HTTP: Read 8191 bytes (total 237539)
00000121	48.67332458	[16984] HTTP: Read 8191 bytes (total 245730)
00000122	48.67345428	[16984] HTTP: Read 8191 bytes (total 253921)
00000123	48.71975708	[16984] HTTP: Read 8191 bytes (total 262112)
00000124	48.71998978	[16984] HTTP: Read 8191 bytes (total 270303)
00000125	48.75141907	[16984] HTTP: Read 8191 bytes (total 278494)
00000126	48.75186157	[16984] HTTP: Read 8191 bytes (total 286685)
00000127	48.78236008	[16984] HTTP: Read 8191 bytes (total 294876)
00000128	48.78245544	[16984] HTTP: Read 8191 bytes (total 303067)
00000129	48.80728149	[16984] HTTP: Read 8191 bytes (total 311258)
00000130	48.80736923	[16984] HTTP: Read 8191 bytes (total 319449)
00000131	48.85004807	[16984] HTTP: Read 8191 bytes (total 327640)
00000132	48.85007858	[16984] HTTP: Read 8191 bytes (total 335831)
00000133	48.88918686	[16984] HTTP: Read 8191 bytes (total 344022)
00000134	48.88931656	[16984] HTTP: Read 8191 bytes (total 352213)
00000135	48.95904160	[16984] HTTP: Read 8191 bytes (total 360404)
00000136	48.95917130	[16984] HTTP: Read 8191 bytes (total 368595)
00000137	48.96541214	[16984] HTTP: Read 8191 bytes (total 376786)
00000138	48.96553421	[16984] HTTP: Read 8191 bytes (total 384977)
00000139	48.98236465	[16984] HTTP: Read 8191 bytes (total 393168)
00000140	48.98241043	[16984] HTTP: Read 8191 bytes (total 401359)
00000141	49.16869354	[16984] HTTP: Read 8191 bytes (total 409550)
00000142	49.16875076	[16984] HTTP: Read 8191 bytes (total 417741)
00000143	49.16902161	[16984] HTTP: Read 8191 bytes (total 425932)
00000144	49.16913223	[16984] HTTP: Read 8191 bytes (total 434123)
00000145	49.19932938	[16984] HTTP: Read 8191 bytes (total 442314)
00000146	49.19940567	[16984] HTTP: Read 8191 bytes (total 450505)
00000147	49.26091385	[16984] HTTP: Read 8191 bytes (total 458696)
00000148	49.26098633	[16984] HTTP: Read 8191 bytes (total 466887)
00000149	49.27611160	[16984] HTTP: Read 8191 bytes (total 475078)
00000150	49.27618408	[16984] HTTP: Read 8191 bytes (total 483269)
00000151	49.30614090	[16984] HTTP: Read 8191 bytes (total 491460)
00000152	49.30622864	[16984] HTTP: Read 8191 bytes (total 499651)
00000153	49.34197998	[16984] HTTP: Read 8191 bytes (total 507842)
00000154	49.34215927	[16984] HTTP: Read 8191 bytes (total 516033)
00000155	49.35554504	[16984] HTTP: Read 8191 bytes (total 524224)
00000156	49.35555649	[16984] HTTP: Read 8191 bytes (total 532415)
00000157	49.39775467	[16984] HTTP: Read 8191 bytes (total 540606)
00000158	49.39793777	[16984] HTTP: Read 8191 bytes (total 548797)
00000159	49.45408249	[16984] HTTP: Read 8191 bytes (total 556988)
00000160	49.45420074	[16984] HTTP: Read 8191 bytes (total 565179)
00000161	49.47601700	[16984] HTTP: Read 8191 bytes (total 573370)
00000162	49.47620392	[16984] HTTP: Read 8191 bytes (total 581561)
00000163	49.58002853	[16984] HTTP: Read 8191 bytes (total 589752)
00000164	49.58050919	[16984] HTTP: Read 8191 bytes (total 597943)
00000165	49.58632278	[16984] HTTP: Read 8191 bytes (total 606134)
00000166	49.58635712	[16984] HTTP: Read 8191 bytes (total 614325)
00000167	49.69599915	[16984] HTTP: Read 8191 bytes (total 622516)
00000168	49.69783783	[16984] HTTP: Read 8191 bytes (total 630707)
00000169	49.69820786	[16984] HTTP: Read 8191 bytes (total 638898)
00000170	49.69863129	[16984] HTTP: Read 8191 bytes (total 647089)
00000171	49.85128784	[16984] HTTP: Read 8191 bytes (total 655280)
00000172	49.85529709	[16984] HTTP: Read 8191 bytes (total 663471)
00000173	49.93336487	[16984] HTTP: Read 8191 bytes (total 671662)
00000174	49.93347549	[16984] HTTP: Read 8191 bytes (total 679853)
00000175	49.94346237	[16984] HTTP: Read 8191 bytes (total 688044)
00000176	49.94411469	[16984] HTTP: Read 8191 bytes (total 696235)
00000178	50.11150742	[16984] HTTP: Read 8191 bytes (total 704426)
00000179	50.11161423	[16984] HTTP: Read 8191 bytes (total 712617)
00000180	50.14295197	[16984] HTTP: Read 8191 bytes (total 720808)
00000181	50.14325333	[16984] HTTP: Read 8191 bytes (total 728999)
00000182	50.18316650	[16984] HTTP: Read 8191 bytes (total 737190)
00000183	50.18343735	[16984] HTTP: Read 8191 bytes (total 745381)
00000184	50.23895645	[16984] HTTP: Read 8191 bytes (total 753572)
00000185	50.23904037	[16984] HTTP: Read 8191 bytes (total 761763)
00000186	50.29741287	[16984] HTTP: Read 8191 bytes (total 769954)
00000187	50.29753113	[16984] HTTP: Read 8191 bytes (total 778145)
00000188	50.45462036	[16984] HTTP: Read 8191 bytes (total 786336)
00000189	50.45466995	[16984] HTTP: Read 8191 bytes (total 794527)
00000190	50.52720261	[16984] HTTP: Read 8191 bytes (total 802718)
00000191	50.52731705	[16984] HTTP: Read 8191 bytes (total 810909)
00000192	50.58076096	[16984] HTTP: Read 8191 bytes (total 819100)
00000193	50.58087158	[16984] HTTP: Read 8191 bytes (total 827291)
00000194	50.67255402	[16984] HTTP: Read 8191 bytes (total 835482)
00000195	50.67267990	[16984] HTTP: Read 8191 bytes (total 843673)
00000196	50.78760147	[16984] HTTP: Read 8191 bytes (total 851864)
00000197	50.78770447	[16984] HTTP: Read 8191 bytes (total 860055)
00000198	51.43047714	[16984] HTTP: Read 8191 bytes (total 868246)
00000199	51.43061066	[16984] HTTP: Read 8191 bytes (total 876437)
00000200	51.60108948	[16984] HTTP: Read 8191 bytes (total 884628)
00000201	51.60110855	[16984] HTTP: Read 8191 bytes (total 892819)
00000202	51.86503601	[16984] HTTP: Read 8191 bytes (total 901010)
00000203	51.86511230	[16984] HTTP: Read 8191 bytes (total 909201)
00000204	51.99017334	[16984] HTTP: Read 8191 bytes (total 917392)
00000205	51.99023819	[16984] HTTP: Read 8191 bytes (total 925583)
00000206	52.73399353	[16984] HTTP: Read 8191 bytes (total 933774)
00000207	52.73412323	[16984] HTTP: Read 8191 bytes (total 941965)
00000208	53.01691055	[16984] HTTP: Read 8191 bytes (total 950156)
00000209	53.01707077	[16984] HTTP: Read 8191 bytes (total 958347)
00000210	53.75432968	[16984] HTTP: Read 8191 bytes (total 966538)
00000211	53.75447083	[16984] HTTP: Read 8191 bytes (total 974729)
00000212	54.15846252	[16984] HTTP: Read 8191 bytes (total 982920)
00000213	54.15863800	[16984] HTTP: Read 8191 bytes (total 991111)
00000214	54.53036118	[16984] HTTP: Read 8191 bytes (total 999302)
00000215	54.53041458	[16984] HTTP: Read 8191 bytes (total 1007493)
00000216	54.88589478	[16984] HTTP: Read 8191 bytes (total 1015684)
00000217	54.88612366	[16984] HTTP: Read 8191 bytes (total 1023875)
00000219	55.47549438	[16984] HTTP: Read 8191 bytes (total 1032066)
00000220	55.47562790	[16984] HTTP: Read 8191 bytes (total 1040257)
00000221	55.59936523	[16984] HTTP: Read 8191 bytes (total 1048448)
00000222	55.59945679	[16984] HTTP: Read 8191 bytes (total 1056639)
00000223	55.76734161	[16984] HTTP: Read 8191 bytes (total 1064830)
00000224	55.76743698	[16984] HTTP: Read 8191 bytes (total 1073021)
00000225	55.76750565	[16984] HTTP: Read 8191 bytes (total 1081212)
00000226	55.81283188	[16984] HTTP: Read 8191 bytes (total 1089403)
00000227	55.81295395	[16984] HTTP: Read 8191 bytes (total 1097594)
00000228	55.88944626	[16984] HTTP: Read 8191 bytes (total 1105785)
00000229	55.88953781	[16984] HTTP: Read 8191 bytes (total 1113976)
00000230	55.92318726	[16984] HTTP: Read 8191 bytes (total 1122167)
00000231	55.92325211	[16984] HTTP: Read 8191 bytes (total 1130358)
00000232	55.98115921	[16984] HTTP: Read 8191 bytes (total 1138549)
00000233	55.98126602	[16984] HTTP: Read 8191 bytes (total 1146740)
00000234	56.05993652	[16984] HTTP: Read 8191 bytes (total 1154931)
00000235	56.06010056	[16984] HTTP: Read 8191 bytes (total 1163122)
00000236	56.10549927	[16984] HTTP: Read 8191 bytes (total 1171313)
00000237	56.10561752	[16984] HTTP: Read 8191 bytes (total 1179504)
00000238	56.15369034	[16984] HTTP: Read 8191 bytes (total 1187695)
00000239	56.15386200	[16984] HTTP: Read 8191 bytes (total 1195886)
00000240	56.18567657	[16984] HTTP: Read 8191 bytes (total 1204077)
00000241	56.18574905	[16984] HTTP: Read 8191 bytes (total 1212268)
00000242	56.26341248	[16984] HTTP: Read 8191 bytes (total 1220459)
00000243	56.26353836	[16984] HTTP: Read 8191 bytes (total 1228650)
00000244	56.29436874	[16984] HTTP: Read 8191 bytes (total 1236841)
00000245	56.29439926	[16984] HTTP: Read 8191 bytes (total 1245032)
00000246	56.34016037	[16984] HTTP: Read 8191 bytes (total 1253223)
00000247	56.34033966	[16984] HTTP: Read 8191 bytes (total 1261414)
00000248	56.38595963	[16984] HTTP: Read 8191 bytes (total 1269605)
00000249	56.38611984	[16984] HTTP: Read 8191 bytes (total 1277796)
00000250	56.40000534	[16984] HTTP: Read 8191 bytes (total 1285987)
00000251	56.40053177	[16984] HTTP: Read 8191 bytes (total 1294178)
00000252	56.44354630	[16984] HTTP: Read 8191 bytes (total 1302369)
00000253	56.44356537	[16984] HTTP: Read 8191 bytes (total 1310560)
00000254	56.48511505	[16984] HTTP: Read 8191 bytes (total 1318751)
00000255	56.48526764	[16984] HTTP: Read 8191 bytes (total 1326942)
00000256	56.49406815	[16984] HTTP: Read 8191 bytes (total 1335133)
00000257	56.49420166	[16984] HTTP: Read 8191 bytes (total 1343324)
00000258	56.52548981	[16984] HTTP: Read 8191 bytes (total 1351515)
00000259	56.52561951	[16984] HTTP: Read 8191 bytes (total 1359706)
00000260	56.58723068	[16984] HTTP: Read 8191 bytes (total 1367897)
00000261	56.58742523	[16984] HTTP: Read 8191 bytes (total 1376088)
00000262	56.63401413	[16984] HTTP: Read 8191 bytes (total 1384279)
00000263	56.63411713	[16984] HTTP: Read 8191 bytes (total 1392470)
00000264	56.67198563	[16984] HTTP: Read 8191 bytes (total 1400661)
00000265	56.67208862	[16984] HTTP: Read 8191 bytes (total 1408852)
00000266	56.72699356	[16984] HTTP: Read 8191 bytes (total 1417043)
00000267	56.72788620	[16984] HTTP: Read 8191 bytes (total 1425234)
00000268	56.74190140	[16984] HTTP: Read 8191 bytes (total 1433425)
00000269	56.74197769	[16984] HTTP: Read 8191 bytes (total 1441616)
00000270	56.77327347	[16984] HTTP: Read 8191 bytes (total 1449807)
00000271	56.77342224	[16984] HTTP: Read 8191 bytes (total 1457998)
00000272	56.78819656	[16984] HTTP: Read 8191 bytes (total 1466189)
00000273	56.78829575	[16984] HTTP: Read 8191 bytes (total 1474380)
00000274	56.89759827	[16984] HTTP: Read 8191 bytes (total 1482571)
00000275	56.89770126	[16984] HTTP: Read 8191 bytes (total 1490762)
00000276	56.98741150	[16984] HTTP: Read 8191 bytes (total 1498953)
00000277	56.98756027	[16984] HTTP: Read 8191 bytes (total 1507144)
00000278	56.99182892	[16984] HTTP: Read 8191 bytes (total 1515335)
00000279	56.99210739	[16984] HTTP: Read 8191 bytes (total 1523526)
00000280	57.03711319	[16984] HTTP: Read 8191 bytes (total 1531717)
00000281	57.03730011	[16984] HTTP: Read 8191 bytes (total 1539908)
00000282	57.15895844	[16984] HTTP: Read 8191 bytes (total 1548099)
00000283	57.15905762	[16984] HTTP: Read 8191 bytes (total 1556290)
00000284	57.16008377	[16984] HTTP: Read 8191 bytes (total 1564481)
00000285	57.16015244	[16984] HTTP: Read 8191 bytes (total 1572672)
00000286	57.65297318	[16984] HTTP: Read 8191 bytes (total 1580863)
00000287	57.65304184	[16984] HTTP: Read 8191 bytes (total 1589054)
00000288	57.69918060	[16984] HTTP: Read 8191 bytes (total 1597245)
00000289	57.69934845	[16984] HTTP: Read 8191 bytes (total 1605436)
00000290	57.74355698	[16984] HTTP: Read 8191 bytes (total 1613627)
00000291	57.74370575	[16984] HTTP: Read 8191 bytes (total 1621818)
00000292	58.41419601	[16984] HTTP: Read 8191 bytes (total 1630009)
00000293	58.41436768	[16984] HTTP: Read 8191 bytes (total 1638200)
00000294	58.45009995	[16984] HTTP: Read 8191 bytes (total 1646391)
00000295	58.45032883	[16984] HTTP: Read 8191 bytes (total 1654582)
00000296	58.56836319	[16984] HTTP: Read 8191 bytes (total 1662773)
00000297	58.56848145	[16984] HTTP: Read 8191 bytes (total 1670964)
00000298	58.76797485	[16984] HTTP: Read 8191 bytes (total 1679155)
00000299	58.76805115	[16984] HTTP: Read 8191 bytes (total 1687346)
00000300	59.35765076	[16984] HTTP: Read 8191 bytes (total 1695537)
00000301	59.35772324	[16984] HTTP: Read 8191 bytes (total 1703728)
00000302	59.62090302	[16984] HTTP: Read 8191 bytes (total 1711919)
00000303	59.62102890	[16984] HTTP: Read 8191 bytes (total 1720110)
00000304	59.77511215	[16984] HTTP: Read 8191 bytes (total 1728301)
00000305	59.77522659	[16984] HTTP: Read 8191 bytes (total 1736492)
00000307	60.23987198	[16984] HTTP: Read 8191 bytes (total 1744683)
00000308	60.24004364	[16984] HTTP: Read 8191 bytes (total 1752874)
00000309	60.57732010	[16984] HTTP: Read 8191 bytes (total 1761065)
00000310	60.57738113	[16984] HTTP: Read 8191 bytes (total 1769256)
00000311	60.62281418	[16984] HTTP: Read 8191 bytes (total 1777447)
00000312	60.62293243	[16984] HTTP: Read 8191 bytes (total 1785638)
00000313	60.73128510	[16984] HTTP: Read 8191 bytes (total 1793829)
00000314	60.73141098	[16984] HTTP: Read 8191 bytes (total 1802020)
00000315	60.75975037	[16984] HTTP: Read 8191 bytes (total 1810211)
00000316	60.75985336	[16984] HTTP: Read 8191 bytes (total 1818402)
00000317	60.85653687	[16984] HTTP: Read 8191 bytes (total 1826593)
00000318	60.85655594	[16984] HTTP: Read 8191 bytes (total 1834784)
00000319	60.86884308	[16984] HTTP: Read 8191 bytes (total 1842975)
00000320	60.86894608	[16984] HTTP: Read 8191 bytes (total 1851166)
00000321	60.91517258	[16984] HTTP: Read 8191 bytes (total 1859357)
00000322	60.91537857	[16984] HTTP: Read 8191 bytes (total 1867548)
00000323	60.97587204	[16984] HTTP: Read 8191 bytes (total 1875739)
00000324	60.97600174	[16984] HTTP: Read 8191 bytes (total 1883930)
00000325	61.02248383	[16984] HTTP: Read 8191 bytes (total 1892121)
00000326	61.02254105	[16984] HTTP: Read 8191 bytes (total 1900312)
00000327	61.05459213	[16984] HTTP: Read 8191 bytes (total 1908503)
00000328	61.05464172	[16984] HTTP: Read 8191 bytes (total 1916694)
00000329	61.08515930	[16984] HTTP: Read 8191 bytes (total 1924885)
00000330	61.08522415	[16984] HTTP: Read 8191 bytes (total 1933076)
00000331	61.11659622	[16984] HTTP: Read 8191 bytes (total 1941267)
00000332	61.11672211	[16984] HTTP: Read 8191 bytes (total 1949458)
00000333	61.14673996	[16984] HTTP: Read 8191 bytes (total 1957649)
00000334	61.14677811	[16984] HTTP: Read 8191 bytes (total 1965840)
00000335	61.22403717	[16984] HTTP: Read 8191 bytes (total 1974031)
00000336	61.22411346	[16984] HTTP: Read 8191 bytes (total 1982222)
00000337	61.25509644	[16984] HTTP: Read 8191 bytes (total 1990413)
00000338	61.25525665	[16984] HTTP: Read 8191 bytes (total 1998604)
00000339	61.27161026	[16984] HTTP: Read 8191 bytes (total 2006795)
00000340	61.27167892	[16984] HTTP: Read 8191 bytes (total 2014986)
00000341	61.31482697	[16984] HTTP: Read 8191 bytes (total 2023177)
00000342	61.31492615	[16984] HTTP: Read 8191 bytes (total 2031368)
00000343	61.37913132	[16984] HTTP: Read 8191 bytes (total 2039559)
00000344	61.37924957	[16984] HTTP: Read 8191 bytes (total 2047750)
00000345	61.40915298	[16984] HTTP: Read 8191 bytes (total 2055941)
00000346	61.40924835	[16984] HTTP: Read 8191 bytes (total 2064132)
00000347	61.43999863	[16984] HTTP: Read 8191 bytes (total 2072323)
00000348	61.44015884	[16984] HTTP: Read 8191 bytes (total 2080514)
00000349	61.47167206	[16984] HTTP: Read 8191 bytes (total 2088705)
00000350	61.47188568	[16984] HTTP: Read 8191 bytes (total 2096896)
00000351	61.48436356	[16984] HTTP: Read 8191 bytes (total 2105087)
00000352	61.48450470	[16984] HTTP: Read 8191 bytes (total 2113278)
00000353	61.52175903	[16984] HTTP: Read 8191 bytes (total 2121469)
00000354	61.52294540	[16984] HTTP: Read 8191 bytes (total 2129660)
00000355	61.54894638	[16984] HTTP: Read 8191 bytes (total 2137851)
00000356	61.54901886	[16984] HTTP: Read 8191 bytes (total 2146042)
00000357	61.61477661	[16984] HTTP: Read 8191 bytes (total 2154233)
00000358	61.61490631	[16984] HTTP: Read 8191 bytes (total 2162424)
00000359	61.61558533	[16984] HTTP: Read 8191 bytes (total 2170615)
00000360	61.61566162	[16984] HTTP: Read 8191 bytes (total 2178806)
00000361	61.65019608	[16984] HTTP: Read 8191 bytes (total 2186997)
00000362	61.65024185	[16984] HTTP: Read 8191 bytes (total 2195188)
00000363	61.65055847	[16984] HTTP: Read 8191 bytes (total 2203379)
00000364	61.65069580	[16984] HTTP: Read 8191 bytes (total 2211570)
00000365	61.70586777	[16984] HTTP: Read 8191 bytes (total 2219761)
00000366	61.70597076	[16984] HTTP: Read 8191 bytes (total 2227952)
00000367	61.73510361	[16984] HTTP: Read 8191 bytes (total 2236143)
00000368	61.73519516	[16984] HTTP: Read 8191 bytes (total 2244334)
00000369	61.75079727	[16984] HTTP: Read 8191 bytes (total 2252525)
00000370	61.75093842	[16984] HTTP: Read 8191 bytes (total 2260716)
00000371	61.78086472	[16984] HTTP: Read 8191 bytes (total 2268907)
00000372	61.78101730	[16984] HTTP: Read 8191 bytes (total 2277098)
00000373	61.81312180	[16984] HTTP: Read 8191 bytes (total 2285289)
00000374	61.81325912	[16984] HTTP: Read 8191 bytes (total 2293480)
00000375	61.82814789	[16984] HTTP: Read 8191 bytes (total 2301671)
00000376	61.82830048	[16984] HTTP: Read 8191 bytes (total 2309862)
00000377	61.85238266	[16984] HTTP: Read 8191 bytes (total 2318053)
00000378	61.85241699	[16984] HTTP: Read 8191 bytes (total 2326244)
00000379	61.85837936	[16984] HTTP: Read 8191 bytes (total 2334435)
00000380	61.85849762	[16984] HTTP: Read 8191 bytes (total 2342626)
00000381	61.88983154	[16984] HTTP: Read 8191 bytes (total 2350817)
00000382	61.88993454	[16984] HTTP: Read 8191 bytes (total 2359008)
00000383	61.90548325	[16984] HTTP: Read 8191 bytes (total 2367199)
00000384	61.90559387	[16984] HTTP: Read 8191 bytes (total 2375390)
00000385	61.92211151	[16984] HTTP: Read 8191 bytes (total 2383581)
00000386	61.92229080	[16984] HTTP: Read 8191 bytes (total 2391772)
00000387	61.95360565	[16984] HTTP: Read 8191 bytes (total 2399963)
00000388	61.95369720	[16984] HTTP: Read 8191 bytes (total 2408154)
00000389	61.96958160	[16984] HTTP: Read 8191 bytes (total 2416345)
00000390	61.96964645	[16984] HTTP: Read 8191 bytes (total 2424536)
00000391	61.97831726	[16984] HTTP: Read 8191 bytes (total 2432727)
00000392	61.97847748	[16984] HTTP: Read 8191 bytes (total 2440918)
00000393	62.00031281	[16984] HTTP: Read 8191 bytes (total 2449109)
00000394	62.00040436	[16984] HTTP: Read 8191 bytes (total 2457300)
00000395	62.03866196	[16984] HTTP: Read 8191 bytes (total 2465491)
00000396	62.03888702	[16984] HTTP: Read 8191 bytes (total 2473682)
00000397	62.04748154	[16984] HTTP: Read 8191 bytes (total 2481873)
00000398	62.04759216	[16984] HTTP: Read 8191 bytes (total 2490064)
00000399	62.06330872	[16984] HTTP: Read 8191 bytes (total 2498255)
00000400	62.06340408	[16984] HTTP: Read 8191 bytes (total 2506446)
00000401	62.07987976	[16984] HTTP: Read 8191 bytes (total 2514637)
00000402	62.08005142	[16984] HTTP: Read 8191 bytes (total 2522828)
00000403	62.10668182	[16984] HTTP: Read 8191 bytes (total 2531019)
00000404	62.10683060	[16984] HTTP: Read 8191 bytes (total 2539210)
00000405	62.10697556	[16984] HTTP: Read 8191 bytes (total 2547401)
00000406	62.10707092	[16984] HTTP: Read 8191 bytes (total 2555592)
00000407	62.14062119	[16984] HTTP: Read 8191 bytes (total 2563783)
00000408	62.14075470	[16984] HTTP: Read 8191 bytes (total 2571974)
00000409	62.15402985	[16984] HTTP: Read 8191 bytes (total 2580165)
00000410	62.15406799	[16984] HTTP: Read 8191 bytes (total 2588356)
00000411	62.18615723	[16984] HTTP: Read 8191 bytes (total 2596547)
00000412	62.18622589	[16984] HTTP: Read 8191 bytes (total 2604738)
00000413	62.22840881	[16984] HTTP: Read 8191 bytes (total 2612929)
00000414	62.22848511	[16984] HTTP: Read 8191 bytes (total 2621120)
00000415	62.23352814	[16984] HTTP: Read 8191 bytes (total 2629311)
00000416	62.23361969	[16984] HTTP: Read 8191 bytes (total 2637502)
00000417	62.27762604	[16984] HTTP: Read 8191 bytes (total 2645693)
00000418	62.27781677	[16984] HTTP: Read 8191 bytes (total 2653884)
00000419	62.28088379	[16984] HTTP: Read 8191 bytes (total 2662075)
00000420	62.28104782	[16984] HTTP: Read 8191 bytes (total 2670266)
00000421	62.30362320	[16984] HTTP: Read 8191 bytes (total 2678457)
00000422	62.30383301	[16984] HTTP: Read 8191 bytes (total 2686648)
00000423	62.30408478	[16984] HTTP: Read 8191 bytes (total 2694839)
00000424	62.30413437	[16984] HTTP: Read 8191 bytes (total 2703030)
00000425	62.35107803	[16984] HTTP: Read 8191 bytes (total 2711221)
00000426	62.35108948	[16984] HTTP: Read 8191 bytes (total 2719412)
00000427	62.35124969	[16984] HTTP: Read 8191 bytes (total 2727603)
00000428	62.35130692	[16984] HTTP: Read 8191 bytes (total 2735794)
00000429	62.36417389	[16984] HTTP: Read 8191 bytes (total 2743985)
00000430	62.36428070	[16984] HTTP: Read 8191 bytes (total 2752176)
00000431	62.38860703	[16984] HTTP: Read 8191 bytes (total 2760367)
00000432	62.38868332	[16984] HTTP: Read 8191 bytes (total 2768558)
00000433	62.40308380	[16984] HTTP: Read 8191 bytes (total 2776749)
00000434	62.40328217	[16984] HTTP: Read 8191 bytes (total 2784940)
00000435	62.43394470	[16984] HTTP: Read 8191 bytes (total 2793131)
00000436	62.43408585	[16984] HTTP: Read 8191 bytes (total 2801322)
00000437	62.45025253	[16984] HTTP: Read 8191 bytes (total 2809513)
00000438	62.45034790	[16984] HTTP: Read 8191 bytes (total 2817704)
00000439	62.45048141	[16984] HTTP: Read 8191 bytes (total 2825895)
00000440	62.45064926	[16984] HTTP: Read 8191 bytes (total 2834086)
00000441	62.47472000	[16984] HTTP: Read 8191 bytes (total 2842277)
00000442	62.47478867	[16984] HTTP: Read 8191 bytes (total 2850468)
00000443	62.51620483	[16984] HTTP: Read 8191 bytes (total 2858659)
00000444	62.51627350	[16984] HTTP: Read 8191 bytes (total 2866850)
00000445	62.51636505	[16984] HTTP: Read 8191 bytes (total 2875041)
00000446	62.51641083	[16984] HTTP: Read 8191 bytes (total 2883232)
00000447	62.51647949	[16984] HTTP: Read 8191 bytes (total 2891423)
00000448	62.51662827	[16984] HTTP: Read 8191 bytes (total 2899614)
00000449	62.51676941	[16984] HTTP: Read 8191 bytes (total 2907805)
00000450	62.51686478	[16984] HTTP: Read 8191 bytes (total 2915996)
00000451	62.53974915	[16984] HTTP: Read 8191 bytes (total 2924187)
00000452	62.53984451	[16984] HTTP: Read 8191 bytes (total 2932378)
00000453	62.54297638	[16984] HTTP: Read 8191 bytes (total 2940569)
00000454	62.54309082	[16984] HTTP: Read 8191 bytes (total 2948760)
00000455	62.57529449	[16984] HTTP: Read 8191 bytes (total 2956951)
00000456	62.57606506	[16984] HTTP: Read 8191 bytes (total 2965142)
00000457	62.57615280	[16984] HTTP: Read 8191 bytes (total 2973333)
00000458	62.57620621	[16984] HTTP: Read 8191 bytes (total 2981524)
00000459	62.59040451	[16984] HTTP: Read 8191 bytes (total 2989715)
00000460	62.59048462	[16984] HTTP: Read 8191 bytes (total 2997906)
00000461	62.62120819	[16984] HTTP: Read 8191 bytes (total 3006097)
00000462	62.62138748	[16984] HTTP: Read 8191 bytes (total 3014288)
00000463	62.62499237	[16984] HTTP: Read 8191 bytes (total 3022479)
00000464	62.62505722	[16984] HTTP: Read 8191 bytes (total 3030670)
00000465	62.63621140	[16984] HTTP: Read 8191 bytes (total 3038861)
00000466	62.63629532	[16984] HTTP: Read 8191 bytes (total 3047052)
00000467	62.66275024	[16984] HTTP: Read 8191 bytes (total 3055243)
00000468	62.66287994	[16984] HTTP: Read 8191 bytes (total 3063434)
00000469	62.66736603	[16984] HTTP: Read 8191 bytes (total 3071625)
00000470	62.66748810	[16984] HTTP: Read 8191 bytes (total 3079816)
00000471	62.70000076	[16984] HTTP: Read 8191 bytes (total 3088007)
00000472	62.70014191	[16984] HTTP: Read 8191 bytes (total 3096198)
00000473	62.74202347	[16984] HTTP: Read 8191 bytes (total 3104389)
00000474	62.74214935	[16984] HTTP: Read 8191 bytes (total 3112580)
00000475	62.74256516	[16984] HTTP: Read 8191 bytes (total 3120771)
00000476	62.74264145	[16984] HTTP: Read 8191 bytes (total 3128962)
00000477	62.74492264	[16984] HTTP: Read 8191 bytes (total 3137153)
00000478	62.74500656	[16984] HTTP: Read 8191 bytes (total 3145344)
00000479	62.79139709	[16984] HTTP: Read 8191 bytes (total 3153535)
00000480	62.79158401	[16984] HTTP: Read 8191 bytes (total 3161726)
00000481	62.80648804	[16984] HTTP: Read 8191 bytes (total 3169917)
00000482	62.80654144	[16984] HTTP: Read 8191 bytes (total 3178108)
00000483	62.80669403	[16984] HTTP: Read 8191 bytes (total 3186299)
00000484	62.80942535	[16984] HTTP: Read 8191 bytes (total 3194490)
00000485	62.82195663	[16984] HTTP: Read 8191 bytes (total 3202681)
00000486	62.82205582	[16984] HTTP: Read 8191 bytes (total 3210872)
00000487	62.83724213	[16984] HTTP: Read 8191 bytes (total 3219063)
00000488	62.83740616	[16984] HTTP: Read 8191 bytes (total 3227254)
00000489	62.83891678	[16984] HTTP: Read 8191 bytes (total 3235445)
00000490	62.83897018	[16984] HTTP: Read 8191 bytes (total 3243636)
00000491	62.88383484	[16984] HTTP: Read 8191 bytes (total 3251827)
00000492	62.88403702	[16984] HTTP: Read 8191 bytes (total 3260018)
00000493	62.89035034	[16984] HTTP: Read 8191 bytes (total 3268209)
00000494	62.89041138	[16984] HTTP: Read 8191 bytes (total 3276400)
00000495	62.89960480	[16984] HTTP: Read 8191 bytes (total 3284591)
00000496	62.89971924	[16984] HTTP: Read 8191 bytes (total 3292782)
00000497	62.91541290	[16984] HTTP: Read 8191 bytes (total 3300973)
00000498	62.91550827	[16984] HTTP: Read 8191 bytes (total 3309164)
00000499	62.93109131	[16984] HTTP: Read 8191 bytes (total 3317355)
00000500	62.93135452	[16984] HTTP: Read 8191 bytes (total 3325546)
00000501	62.94796753	[16984] HTTP: Read 8191 bytes (total 3333737)
00000502	62.94823074	[16984] HTTP: Read 8191 bytes (total 3341928)
00000503	62.95702362	[16984] HTTP: Read 8191 bytes (total 3350119)
00000504	62.95721054	[16984] HTTP: Read 8191 bytes (total 3358310)
00000505	62.96230316	[16984] HTTP: Read 8191 bytes (total 3366501)
00000506	62.96239853	[16984] HTTP: Read 8191 bytes (total 3374692)
00000507	62.96995163	[16984] HTTP: Read 8191 bytes (total 3382883)
00000508	62.96999741	[16984] HTTP: Read 8191 bytes (total 3391074)
00000509	62.98773193	[16984] HTTP: Read 8191 bytes (total 3399265)
00000510	62.98776245	[16984] HTTP: Read 8191 bytes (total 3407456)
00000511	62.99283218	[16984] HTTP: Read 8191 bytes (total 3415647)
00000512	62.99293518	[16984] HTTP: Read 8191 bytes (total 3423838)
00000513	63.00861359	[16984] HTTP: Read 8191 bytes (total 3432029)
00000514	63.00871658	[16984] HTTP: Read 8191 bytes (total 3440220)
00000515	63.02050018	[16984] HTTP: Read 8191 bytes (total 3448411)
00000516	63.02067947	[16984] HTTP: Read 8191 bytes (total 3456602)
00000517	63.04949570	[16984] HTTP: Read 8191 bytes (total 3464793)
00000518	63.04959488	[16984] HTTP: Read 8191 bytes (total 3472984)
00000519	63.05539322	[16984] HTTP: Read 8191 bytes (total 3481175)
00000520	63.05549622	[16984] HTTP: Read 8191 bytes (total 3489366)
00000521	63.06590652	[16984] HTTP: Read 8191 bytes (total 3497557)
00000522	63.06603622	[16984] HTTP: Read 8191 bytes (total 3505748)
00000523	63.08033371	[16984] HTTP: Read 8191 bytes (total 3513939)
00000524	63.08045959	[16984] HTTP: Read 8191 bytes (total 3522130)
00000525	63.08653259	[16984] HTTP: Read 8191 bytes (total 3530321)
00000526	63.08661270	[16984] HTTP: Read 8191 bytes (total 3538512)
00000527	63.10684204	[16984] HTTP: Read 8191 bytes (total 3546703)
00000528	63.10703278	[16984] HTTP: Read 8191 bytes (total 3554894)
00000529	63.11746597	[16984] HTTP: Read 8191 bytes (total 3563085)
00000530	63.11763382	[16984] HTTP: Read 8191 bytes (total 3571276)
00000531	63.13331985	[16984] HTTP: Read 8191 bytes (total 3579467)
00000532	63.13343811	[16984] HTTP: Read 8191 bytes (total 3587658)
00000533	63.14901733	[16984] HTTP: Read 8191 bytes (total 3595849)
00000534	63.14917755	[16984] HTTP: Read 8191 bytes (total 3604040)
00000535	63.15402985	[16984] HTTP: Read 8191 bytes (total 3612231)
00000536	63.15406036	[16984] HTTP: Read 8191 bytes (total 3620422)
00000537	63.16490173	[16984] HTTP: Read 8191 bytes (total 3628613)
00000538	63.16523361	[16984] HTTP: Read 8191 bytes (total 3636804)
00000539	63.18719482	[16984] HTTP: Read 8191 bytes (total 3644995)
00000540	63.18729782	[16984] HTTP: Read 8191 bytes (total 3653186)
00000541	63.20085144	[16984] HTTP: Read 8191 bytes (total 3661377)
00000542	63.20087814	[16984] HTTP: Read 8191 bytes (total 3669568)
00000543	63.20943451	[16984] HTTP: Read 8191 bytes (total 3677759)
00000544	63.20952225	[16984] HTTP: Read 8191 bytes (total 3685950)
00000545	63.22492981	[16984] HTTP: Read 8191 bytes (total 3694141)
00000546	63.22503662	[16984] HTTP: Read 8191 bytes (total 3702332)
00000547	63.24019241	[16984] HTTP: Read 8191 bytes (total 3710523)
00000548	63.24031448	[16984] HTTP: Read 8191 bytes (total 3718714)
00000549	63.25503540	[16984] HTTP: Read 8191 bytes (total 3726905)
00000550	63.25511551	[16984] HTTP: Read 8191 bytes (total 3735096)
00000551	63.26252747	[16984] HTTP: Read 8191 bytes (total 3743287)
00000552	63.26256561	[16984] HTTP: Read 8191 bytes (total 3751478)
00000553	63.26965714	[16984] HTTP: Read 8191 bytes (total 3759669)
00000554	63.26981735	[16984] HTTP: Read 8191 bytes (total 3767860)
00000555	63.28494644	[16984] HTTP: Read 8191 bytes (total 3776051)
00000556	63.28503036	[16984] HTTP: Read 8191 bytes (total 3784242)
00000557	63.28926086	[16984] HTTP: Read 8191 bytes (total 3792433)
00000558	63.28934479	[16984] HTTP: Read 8191 bytes (total 3800624)
00000559	63.31748962	[16984] HTTP: Read 8191 bytes (total 3808815)
00000560	63.31752777	[16984] HTTP: Read 8191 bytes (total 3817006)
00000561	63.31774139	[16984] HTTP: Read 8191 bytes (total 3825197)
00000562	63.31795120	[16984] HTTP: Read 8191 bytes (total 3833388)
00000563	63.33272171	[16984] HTTP: Read 8191 bytes (total 3841579)
00000564	63.33288956	[16984] HTTP: Read 8191 bytes (total 3849770)
00000565	63.36164474	[16984] HTTP: Read 8191 bytes (total 3857961)
00000566	63.36175919	[16984] HTTP: Read 8191 bytes (total 3866152)
00000567	63.36184311	[16984] HTTP: Read 8191 bytes (total 3874343)
00000568	63.36188889	[16984] HTTP: Read 8191 bytes (total 3882534)
00000569	63.36348724	[16984] HTTP: Read 8191 bytes (total 3890725)
00000570	63.36361694	[16984] HTTP: Read 8191 bytes (total 3898916)
00000571	63.37869263	[16984] HTTP: Read 8191 bytes (total 3907107)
00000572	63.37884903	[16984] HTTP: Read 8191 bytes (total 3915298)
00000573	63.39795685	[16984] HTTP: Read 8191 bytes (total 3923489)
00000574	63.39813232	[16984] HTTP: Read 8191 bytes (total 3931680)
00000575	63.39850998	[16984] HTTP: Read 8191 bytes (total 3939871)
00000576	63.39857864	[16984] HTTP: Read 8191 bytes (total 3948062)
00000577	63.42460251	[16984] HTTP: Read 8191 bytes (total 3956253)
00000578	63.42468643	[16984] HTTP: Read 8191 bytes (total 3964444)
00000579	63.43956375	[16984] HTTP: Read 8191 bytes (total 3972635)
00000580	63.43973923	[16984] HTTP: Read 8191 bytes (total 3980826)
00000581	63.45175171	[16984] HTTP: Read 8191 bytes (total 3989017)
00000582	63.45180893	[16984] HTTP: Read 8191 bytes (total 3997208)
00000583	63.45190430	[16984] HTTP: Read 8191 bytes (total 4005399)
00000584	63.45195389	[16984] HTTP: Read 8191 bytes (total 4013590)
00000585	63.45475388	[16984] HTTP: Read 8191 bytes (total 4021781)
00000586	63.45482254	[16984] HTTP: Read 8191 bytes (total 4029972)
00000587	63.47905731	[16984] HTTP: Read 8191 bytes (total 4038163)
00000588	63.47930145	[16984] HTTP: Read 8191 bytes (total 4046354)
00000589	63.48561859	[16984] HTTP: Read 8191 bytes (total 4054545)
00000590	63.48569107	[16984] HTTP: Read 8191 bytes (total 4062736)
00000591	63.49771500	[16984] HTTP: Read 8191 bytes (total 4070927)
00000592	63.49845886	[16984] HTTP: Read 8191 bytes (total 4079118)
00000593	63.49950027	[16984] HTTP: Read 8191 bytes (total 4087309)
00000594	63.49957657	[16984] HTTP: Read 8191 bytes (total 4095500)
00000595	63.50874329	[16984] HTTP: Read 8191 bytes (total 4103691)
00000596	63.50887680	[16984] HTTP: Read 8191 bytes (total 4111882)
00000597	63.53191757	[16984] HTTP: Read 8191 bytes (total 4120073)
00000598	63.53201294	[16984] HTTP: Read 8191 bytes (total 4128264)
00000599	63.53949356	[16984] HTTP: Read 8191 bytes (total 4136455)
00000600	63.53955841	[16984] HTTP: Read 8191 bytes (total 4144646)
00000601	63.54733276	[16984] HTTP: Read 8191 bytes (total 4152837)
00000602	63.54741287	[16984] HTTP: Read 8191 bytes (total 4161028)
00000603	63.56289291	[16984] HTTP: Read 8191 bytes (total 4169219)
00000604	63.56312943	[16984] HTTP: Read 8191 bytes (total 4177410)
00000605	63.56317520	[16984] HTTP: Read 8191 bytes (total 4185601)
00000606	63.56321335	[16984] HTTP: Read 8191 bytes (total 4193792)
00000607	63.57885361	[16984] HTTP: Read 8191 bytes (total 4201983)
00000608	63.57904816	[16984] HTTP: Read 8191 bytes (total 4210174)
00000609	63.60036469	[16984] HTTP: Read 8191 bytes (total 4218365)
00000610	63.60039139	[16984] HTTP: Read 8191 bytes (total 4226556)
00000611	63.60454941	[16984] HTTP: Read 8191 bytes (total 4234747)
00000612	63.60468292	[16984] HTTP: Read 8191 bytes (total 4242938)
00000613	63.61354828	[16984] HTTP: Read 8191 bytes (total 4251129)
00000614	63.61366272	[16984] HTTP: Read 8191 bytes (total 4259320)
00000615	63.63431549	[16984] HTTP: Read 8191 bytes (total 4267511)
00000616	63.63446426	[16984] HTTP: Read 8191 bytes (total 4275702)
00000617	63.64026260	[16984] HTTP: Read 8191 bytes (total 4283893)
00000618	63.64043045	[16984] HTTP: Read 8191 bytes (total 4292084)
00000619	63.64937592	[16984] HTTP: Read 8191 bytes (total 4300275)
00000620	63.64949799	[16984] HTTP: Read 8191 bytes (total 4308466)
00000621	63.65017700	[16984] HTTP: Read 8191 bytes (total 4316657)
00000622	63.65023422	[16984] HTTP: Read 8191 bytes (total 4324848)
00000623	63.66554260	[16984] HTTP: Read 8191 bytes (total 4333039)
00000624	63.66564941	[16984] HTTP: Read 8191 bytes (total 4341230)
00000625	63.68601608	[16984] HTTP: Read 8191 bytes (total 4349421)
00000626	63.68610001	[16984] HTTP: Read 8191 bytes (total 4357612)
00000627	63.70189285	[16984] HTTP: Read 8191 bytes (total 4365803)
00000628	63.70211792	[16984] HTTP: Read 8191 bytes (total 4373994)
00000629	63.70215607	[16984] HTTP: Read 8191 bytes (total 4382185)
00000630	63.70225143	[16984] HTTP: Read 8191 bytes (total 4390376)
00000631	63.71634674	[16984] HTTP: Read 8191 bytes (total 4398567)
00000632	63.71651840	[16984] HTTP: Read 8191 bytes (total 4406758)
00000633	63.74199677	[16984] HTTP: Read 8191 bytes (total 4414949)
00000634	63.74213791	[16984] HTTP: Read 8191 bytes (total 4423140)
00000635	63.74347687	[16984] HTTP: Read 8191 bytes (total 4431331)
00000636	63.74362946	[16984] HTTP: Read 8191 bytes (total 4439522)
00000637	63.74727631	[16984] HTTP: Read 8191 bytes (total 4447713)
00000638	63.74737930	[16984] HTTP: Read 8191 bytes (total 4455904)
00000639	63.75391388	[16984] HTTP: Read 8191 bytes (total 4464095)
00000640	63.75400162	[16984] HTTP: Read 8191 bytes (total 4472286)
00000641	63.77799225	[16984] HTTP: Read 8191 bytes (total 4480477)
00000642	63.77815628	[16984] HTTP: Read 8191 bytes (total 4488668)
00000643	63.78421783	[16984] HTTP: Read 8191 bytes (total 4496859)
00000644	63.78459549	[16984] HTTP: Read 8191 bytes (total 4505050)
00000645	63.79314041	[16984] HTTP: Read 8191 bytes (total 4513241)
00000646	63.79324341	[16984] HTTP: Read 8191 bytes (total 4521432)
00000647	63.79332352	[16984] HTTP: Read 8191 bytes (total 4529623)
00000648	63.79338837	[16984] HTTP: Read 8191 bytes (total 4537814)
00000649	63.82463837	[16984] HTTP: Read 8191 bytes (total 4546005)
00000650	63.82468414	[16984] HTTP: Read 8191 bytes (total 4554196)
00000651	63.83573914	[16984] HTTP: Read 8191 bytes (total 4562387)
00000652	63.83580017	[16984] HTTP: Read 8191 bytes (total 4570578)
00000653	63.83589935	[16984] HTTP: Read 8191 bytes (total 4578769)
00000654	63.83593750	[16984] HTTP: Read 8191 bytes (total 4586960)
00000655	63.88043594	[16984] HTTP: Read 8191 bytes (total 4595151)
00000656	63.88058090	[16984] HTTP: Read 8191 bytes (total 4603342)
00000657	63.88554382	[16984] HTTP: Read 8191 bytes (total 4611533)
00000658	63.88570786	[16984] HTTP: Read 8191 bytes (total 4619724)
00000659	63.88586426	[16984] HTTP: Read 8191 bytes (total 4627915)
00000660	63.88593292	[16984] HTTP: Read 8191 bytes (total 4636106)
00000661	63.90092087	[16984] HTTP: Read 8191 bytes (total 4644297)
00000662	63.90107346	[16984] HTTP: Read 8191 bytes (total 4652488)
00000663	63.91185760	[16984] HTTP: Read 8191 bytes (total 4660679)
00000664	63.91201782	[16984] HTTP: Read 8191 bytes (total 4668870)
00000665	63.91703796	[16984] HTTP: Read 8191 bytes (total 4677061)
00000666	63.91720200	[16984] HTTP: Read 8191 bytes (total 4685252)
00000667	63.93055344	[16984] HTTP: Read 8191 bytes (total 4693443)
00000668	63.93068695	[16984] HTTP: Read 8191 bytes (total 4701634)
00000669	63.94382095	[16984] HTTP: Read 8191 bytes (total 4709825)
00000670	63.94390869	[16984] HTTP: Read 8191 bytes (total 4718016)
00000671	63.94734573	[16984] HTTP: Read 8191 bytes (total 4726207)
00000672	63.94738007	[16984] HTTP: Read 8191 bytes (total 4734398)
00000673	63.94931030	[16984] HTTP: Read 8191 bytes (total 4742589)
00000674	63.94941330	[16984] HTTP: Read 8191 bytes (total 4750780)
00000675	63.96887207	[16984] HTTP: Read 8191 bytes (total 4758971)
00000676	63.96901703	[16984] HTTP: Read 8191 bytes (total 4767162)
00000677	63.97757339	[16984] HTTP: Read 8191 bytes (total 4775353)
00000678	63.97973251	[16984] HTTP: Read 8191 bytes (total 4783544)
00000679	63.97996902	[16984] HTTP: Read 8191 bytes (total 4791735)
00000680	63.98007584	[16984] HTTP: Read 8191 bytes (total 4799926)
00000681	63.99251938	[16984] HTTP: Read 8191 bytes (total 4808117)
00000682	63.99262238	[16984] HTTP: Read 8191 bytes (total 4816308)
00000683	64.00502777	[16984] HTTP: Read 8191 bytes (total 4824499)
00000684	64.00513458	[16984] HTTP: Read 8191 bytes (total 4832690)
00000685	64.01336670	[16984] HTTP: Read 8191 bytes (total 4840881)
00000686	64.01351166	[16984] HTTP: Read 8191 bytes (total 4849072)
00000687	64.02265930	[16984] HTTP: Read 8191 bytes (total 4857263)
00000688	64.02281189	[16984] HTTP: Read 8191 bytes (total 4865454)
00000689	64.03822327	[16984] HTTP: Read 8191 bytes (total 4873645)
00000690	64.03830719	[16984] HTTP: Read 8191 bytes (total 4881836)
00000691	64.04196167	[16984] HTTP: Read 8191 bytes (total 4890027)
00000692	64.04208374	[16984] HTTP: Read 8191 bytes (total 4898218)
00000693	64.04991150	[16984] HTTP: Read 8191 bytes (total 4906409)
00000694	64.04998779	[16984] HTTP: Read 8191 bytes (total 4914600)
00000695	64.05013275	[16984] HTTP: Read 8191 bytes (total 4922791)
00000696	64.05020905	[16984] HTTP: Read 8191 bytes (total 4930982)
00000697	64.06515503	[16984] HTTP: Read 8191 bytes (total 4939173)
00000698	64.06529236	[16984] HTTP: Read 8191 bytes (total 4947364)
00000699	64.06852722	[16984] HTTP: Read 8191 bytes (total 4955555)
00000700	64.06900024	[16984] HTTP: Read 8191 bytes (total 4963746)
00000701	64.10103607	[16984] HTTP: Read 8191 bytes (total 4971937)
00000702	64.10118103	[16984] HTTP: Read 8191 bytes (total 4980128)
00000703	64.10137939	[16984] HTTP: Read 8191 bytes (total 4988319)
00000704	64.10141754	[16984] HTTP: Read 8191 bytes (total 4996510)
00000705	64.14803314	[16984] HTTP: Read 8191 bytes (total 5004701)
00000706	64.14817047	[16984] HTTP: Read 8191 bytes (total 5012892)
00000707	64.15385437	[16984] HTTP: Read 8191 bytes (total 5021083)
00000708	64.15402985	[16984] HTTP: Read 8191 bytes (total 5029274)
00000709	64.15411377	[16984] HTTP: Read 8191 bytes (total 5037465)
00000710	64.15416718	[16984] HTTP: Read 8191 bytes (total 5045656)
00000711	64.16320038	[16984] HTTP: Read 8191 bytes (total 5053847)
00000712	64.16324615	[16984] HTTP: Read 8191 bytes (total 5062038)
00000713	64.18515778	[16984] HTTP: Read 8191 bytes (total 5070229)
00000714	64.18520355	[16984] HTTP: Read 8191 bytes (total 5078420)
00000715	64.20205688	[16984] HTTP: Read 8191 bytes (total 5086611)
00000716	64.20214844	[16984] HTTP: Read 8191 bytes (total 5094802)
00000717	64.20281982	[16984] HTTP: Read 8191 bytes (total 5102993)
00000718	64.20291901	[16984] HTTP: Read 8191 bytes (total 5111184)
00000719	64.20303345	[16984] HTTP: Read 8191 bytes (total 5119375)
00000720	64.20308685	[16984] HTTP: Read 8191 bytes (total 5127566)
00000721	64.22436523	[16984] HTTP: Read 8191 bytes (total 5135757)
00000722	64.22454071	[16984] HTTP: Read 8191 bytes (total 5143948)
00000723	64.23447418	[16984] HTTP: Read 8191 bytes (total 5152139)
00000724	64.23459625	[16984] HTTP: Read 8191 bytes (total 5160330)
00000725	64.23474884	[16984] HTTP: Read 8191 bytes (total 5168521)
00000726	64.23478699	[16984] HTTP: Read 8191 bytes (total 5176712)
00000727	64.25402832	[16984] HTTP: Read 8191 bytes (total 5184903)
00000728	64.25411987	[16984] HTTP: Read 8191 bytes (total 5193094)
00000729	64.25830078	[16984] HTTP: Read 8191 bytes (total 5201285)
00000730	64.25840759	[16984] HTTP: Read 8191 bytes (total 5209476)
00000731	64.27144623	[16984] HTTP: Read 8191 bytes (total 5217667)
00000732	64.27168274	[16984] HTTP: Read 8191 bytes (total 5225858)
00000733	64.28643799	[16984] HTTP: Read 8191 bytes (total 5234049)
00000734	64.28653717	[16984] HTTP: Read 8191 bytes (total 5242240)
00000735	64.30176544	[16984] HTTP: Read 8191 bytes (total 5250431)
00000736	64.30185699	[16984] HTTP: Read 8191 bytes (total 5258622)
00000737	64.31739044	[16984] HTTP: Read 8191 bytes (total 5266813)
00000738	64.31742859	[16984] HTTP: Read 8191 bytes (total 5275004)
00000739	64.33332062	[16984] HTTP: Read 8191 bytes (total 5283195)
00000740	64.33345795	[16984] HTTP: Read 8191 bytes (total 5291386)
00000741	64.34420776	[16984] HTTP: Read 8191 bytes (total 5299577)
00000742	64.34429169	[16984] HTTP: Read 8191 bytes (total 5307768)
00000743	64.34814453	[16984] HTTP: Read 8191 bytes (total 5315959)
00000744	64.34829712	[16984] HTTP: Read 8191 bytes (total 5324150)
00000745	64.36597443	[16984] HTTP: Read 8191 bytes (total 5332341)
00000746	64.36602020	[16984] HTTP: Read 8191 bytes (total 5340532)
00000747	64.36699677	[16984] HTTP: Read 8191 bytes (total 5348723)
00000748	64.36703491	[16984] HTTP: Read 8191 bytes (total 5356914)
00000749	64.37866974	[16984] HTTP: Read 8191 bytes (total 5365105)
00000750	64.37876892	[16984] HTTP: Read 8191 bytes (total 5373296)
00000751	64.37888336	[16984] HTTP: Read 8191 bytes (total 5381487)
00000752	64.37913513	[16984] HTTP: Read 8191 bytes (total 5389678)
00000753	64.38982391	[16984] HTTP: Read 8191 bytes (total 5397869)
00000754	64.38991547	[16984] HTTP: Read 8191 bytes (total 5406060)
00000755	64.39687347	[16984] HTTP: Read 8191 bytes (total 5414251)
00000756	64.39722443	[16984] HTTP: Read 8191 bytes (total 5422442)
00000757	64.39740753	[16984] HTTP: Read 8191 bytes (total 5430633)
00000758	64.39748383	[16984] HTTP: Read 8191 bytes (total 5438824)
00000759	64.42462158	[16984] HTTP: Read 8191 bytes (total 5447015)
00000760	64.42466736	[16984] HTTP: Read 8191 bytes (total 5455206)
00000761	64.43007660	[16984] HTTP: Read 8191 bytes (total 5463397)
00000762	64.43018341	[16984] HTTP: Read 8191 bytes (total 5471588)
00000763	64.44659424	[16984] HTTP: Read 8191 bytes (total 5479779)
00000764	64.44688416	[16984] HTTP: Read 8191 bytes (total 5487970)
00000765	64.44703674	[16984] HTTP: Read 8191 bytes (total 5496161)
00000766	64.44709778	[16984] HTTP: Read 8191 bytes (total 5504352)
00000767	64.45114136	[16984] HTTP: Read 8191 bytes (total 5512543)
00000768	64.45122528	[16984] HTTP: Read 8191 bytes (total 5520734)
00000769	64.47113037	[16984] HTTP: Read 8191 bytes (total 5528925)
00000770	64.47122192	[16984] HTTP: Read 8191 bytes (total 5537116)
00000771	64.50250244	[16984] HTTP: Read 8191 bytes (total 5545307)
00000772	64.50260162	[16984] HTTP: Read 8191 bytes (total 5553498)
00000773	64.51855469	[16984] HTTP: Read 8191 bytes (total 5561689)
00000774	64.51869202	[16984] HTTP: Read 8191 bytes (total 5569880)
00000775	64.52204895	[16984] HTTP: Read 8191 bytes (total 5578071)
00000776	64.52209473	[16984] HTTP: Read 8191 bytes (total 5586262)
00000777	64.52813721	[16984] HTTP: Read 8191 bytes (total 5594453)
00000778	64.52824402	[16984] HTTP: Read 8191 bytes (total 5602644)
00000779	64.52844238	[16984] HTTP: Read 8191 bytes (total 5610835)
00000780	64.52907562	[16984] HTTP: Read 8191 bytes (total 5619026)
00000781	64.54860687	[16984] HTTP: Read 8191 bytes (total 5627217)
00000782	64.54880524	[16984] HTTP: Read 8191 bytes (total 5635408)
00000783	64.56352997	[16984] HTTP: Read 8191 bytes (total 5643599)
00000784	64.56387329	[16984] HTTP: Read 8191 bytes (total 5651790)
00000785	64.57280731	[16984] HTTP: Read 8191 bytes (total 5659981)
00000786	64.57295227	[16984] HTTP: Read 8191 bytes (total 5668172)
00000787	64.57444763	[16984] HTTP: Read 8191 bytes (total 5676363)
00000788	64.57460785	[16984] HTTP: Read 8191 bytes (total 5684554)
00000789	64.58759308	[16984] HTTP: Read 8191 bytes (total 5692745)
00000790	64.58768463	[16984] HTTP: Read 8191 bytes (total 5700936)
00000791	64.59419250	[16984] HTTP: Read 8191 bytes (total 5709127)
00000792	64.59423065	[16984] HTTP: Read 8191 bytes (total 5717318)
00000793	64.59434509	[16984] HTTP: Read 8191 bytes (total 5725509)
00000794	64.59441376	[16984] HTTP: Read 8191 bytes (total 5733700)
00000795	64.62300110	[16984] HTTP: Read 8191 bytes (total 5741891)
00000796	64.62314606	[16984] HTTP: Read 8191 bytes (total 5750082)
00000797	64.62329865	[16984] HTTP: Read 8191 bytes (total 5758273)
00000798	64.62342072	[16984] HTTP: Read 8191 bytes (total 5766464)
00000799	64.62930298	[16984] HTTP: Read 8191 bytes (total 5774655)
00000800	64.62944031	[16984] HTTP: Read 8191 bytes (total 5782846)
00000801	64.63027954	[16984] HTTP: Read 8191 bytes (total 5791037)
00000802	64.63037109	[16984] HTTP: Read 8191 bytes (total 5799228)
00000803	64.65341187	[16984] HTTP: Read 8191 bytes (total 5807419)
00000804	64.65351868	[16984] HTTP: Read 8191 bytes (total 5815610)
00000805	64.65361023	[16984] HTTP: Read 8191 bytes (total 5823801)
00000806	64.65370941	[16984] HTTP: Read 8191 bytes (total 5831992)
00000807	64.68509674	[16984] HTTP: Read 8191 bytes (total 5840183)
00000808	64.68534088	[16984] HTTP: Read 8191 bytes (total 5848374)
00000809	64.68548584	[16984] HTTP: Read 8191 bytes (total 5856565)
00000810	64.68555450	[16984] HTTP: Read 8191 bytes (total 5864756)
00000811	64.70092773	[16984] HTTP: Read 8191 bytes (total 5872947)
00000812	64.70097351	[16984] HTTP: Read 8191 bytes (total 5881138)
00000813	64.71875763	[16984] HTTP: Read 8191 bytes (total 5889329)
00000814	64.71890259	[16984] HTTP: Read 8191 bytes (total 5897520)
00000815	64.71919250	[16984] HTTP: Read 8191 bytes (total 5905711)
00000816	64.71926117	[16984] HTTP: Read 8191 bytes (total 5913902)
00000817	64.72387695	[16984] HTTP: Read 8191 bytes (total 5922093)
00000818	64.72402191	[16984] HTTP: Read 8191 bytes (total 5930284)
00000819	64.74152374	[16984] HTTP: Read 8191 bytes (total 5938475)
00000820	64.74157715	[16984] HTTP: Read 8191 bytes (total 5946666)
00000821	64.74718475	[16984] HTTP: Read 8191 bytes (total 5954857)
00000822	64.74733734	[16984] HTTP: Read 8191 bytes (total 5963048)
00000823	64.75400543	[16984] HTTP: Read 8191 bytes (total 5971239)
00000824	64.75414276	[16984] HTTP: Read 8191 bytes (total 5979430)
00000825	64.76906586	[16984] HTTP: Read 8191 bytes (total 5987621)
00000826	64.76910400	[16984] HTTP: Read 8191 bytes (total 5995812)
00000827	64.77783966	[16984] HTTP: Read 8191 bytes (total 6004003)
00000828	64.77819061	[16984] HTTP: Read 8191 bytes (total 6012194)
00000829	64.77835846	[16984] HTTP: Read 8191 bytes (total 6020385)
00000830	64.77912140	[16984] HTTP: Read 8191 bytes (total 6028576)
00000831	64.78428650	[16984] HTTP: Read 8191 bytes (total 6036767)
00000832	64.78437042	[16984] HTTP: Read 8191 bytes (total 6044958)
00000833	64.79870605	[16984] HTTP: Read 8191 bytes (total 6053149)
00000834	64.79919434	[16984] HTTP: Read 8191 bytes (total 6061340)
00000835	64.79938507	[16984] HTTP: Read 8191 bytes (total 6069531)
00000836	64.79952240	[16984] HTTP: Read 8191 bytes (total 6077722)
00000837	64.81003571	[16984] HTTP: Read 8191 bytes (total 6085913)
00000838	64.81016541	[16984] HTTP: Read 8191 bytes (total 6094104)
00000839	64.82431793	[16984] HTTP: Read 8191 bytes (total 6102295)
00000840	64.82434845	[16984] HTTP: Read 8191 bytes (total 6110486)
00000841	64.83354187	[16984] HTTP: Read 8191 bytes (total 6118677)
00000842	64.83363342	[16984] HTTP: Read 8191 bytes (total 6126868)
00000843	64.83376312	[16984] HTTP: Read 8191 bytes (total 6135059)
00000844	64.83382416	[16984] HTTP: Read 8191 bytes (total 6143250)
00000845	64.87704468	[16984] HTTP: Read 8191 bytes (total 6151441)
00000846	64.87706757	[16984] HTTP: Read 8191 bytes (total 6159632)
00000847	64.87725067	[16984] HTTP: Read 8191 bytes (total 6167823)
00000848	64.87729645	[16984] HTTP: Read 8191 bytes (total 6176014)
00000849	64.87734985	[16984] HTTP: Read 8191 bytes (total 6184205)
00000850	64.87738800	[16984] HTTP: Read 8191 bytes (total 6192396)
00000851	64.95009613	[16984] HTTP: Read 8191 bytes (total 6200587)
00000852	64.95018005	[16984] HTTP: Read 8191 bytes (total 6208778)
00000853	64.95030975	[16984] HTTP: Read 8191 bytes (total 6216969)
00000854	64.95040894	[16984] HTTP: Read 8191 bytes (total 6225160)
00000855	64.95146179	[16984] HTTP: Read 8191 bytes (total 6233351)
00000856	64.95202637	[16984] HTTP: Read 8191 bytes (total 6241542)
00000857	64.95225525	[16984] HTTP: Read 8191 bytes (total 6249733)
00000858	64.95227814	[16984] HTTP: Read 8191 bytes (total 6257924)
00000859	64.96630859	[16984] HTTP: Read 8191 bytes (total 6266115)
00000860	64.96640015	[16984] HTTP: Read 8191 bytes (total 6274306)
00000862	64.99764252	[16984] HTTP: Read 8191 bytes (total 6282497)
00000863	64.99950409	[16984] HTTP: Read 8191 bytes (total 6290688)
00000864	65.05353546	[16984] HTTP: Read 8191 bytes (total 6298879)
00000865	65.05361176	[16984] HTTP: Read 8191 bytes (total 6307070)
00000866	65.05431366	[16984] HTTP: Read 8191 bytes (total 6315261)
00000867	65.05442047	[16984] HTTP: Read 8191 bytes (total 6323452)
00000868	65.05451202	[16984] HTTP: Read 8191 bytes (total 6331643)
00000869	65.05458832	[16984] HTTP: Read 8191 bytes (total 6339834)
00000870	65.05464935	[16984] HTTP: Read 8191 bytes (total 6348025)
00000871	65.05467987	[16984] HTTP: Read 8191 bytes (total 6356216)
00000872	65.07506561	[16984] HTTP: Read 8191 bytes (total 6364407)
00000873	65.07529449	[16984] HTTP: Read 8191 bytes (total 6372598)
00000874	65.08045197	[16984] HTTP: Read 8191 bytes (total 6380789)
00000875	65.08058929	[16984] HTTP: Read 8191 bytes (total 6388980)
00000876	65.08648682	[16984] HTTP: Read 8191 bytes (total 6397171)
00000877	65.08663940	[16984] HTTP: Read 8191 bytes (total 6405362)
00000878	65.08728790	[16984] HTTP: Read 8191 bytes (total 6413553)
00000879	65.08750153	[16984] HTTP: Read 8191 bytes (total 6421744)
00000880	65.08774567	[16984] HTTP: Read 8191 bytes (total 6429935)
00000881	65.08784485	[16984] HTTP: Read 8191 bytes (total 6438126)
00000882	65.09802246	[16984] HTTP: Read 8191 bytes (total 6446317)
00000883	65.09811401	[16984] HTTP: Read 8191 bytes (total 6454508)
00000884	65.13516998	[16984] HTTP: Read 8191 bytes (total 6462699)
00000885	65.13526154	[16984] HTTP: Read 8191 bytes (total 6470890)
00000886	65.13534546	[16984] HTTP: Read 8191 bytes (total 6479081)
00000887	65.13539124	[16984] HTTP: Read 8191 bytes (total 6487272)
00000888	65.13593292	[16984] HTTP: Read 8191 bytes (total 6495463)
00000889	65.13600922	[16984] HTTP: Read 8191 bytes (total 6503654)
00000890	65.13609314	[16984] HTTP: Read 8191 bytes (total 6511845)
00000891	65.13615417	[16984] HTTP: Read 8191 bytes (total 6520036)
00000892	65.15088654	[16984] HTTP: Read 8191 bytes (total 6528227)
00000893	65.15097809	[16984] HTTP: Read 8191 bytes (total 6536418)
00000894	65.18258667	[16984] HTTP: Read 8191 bytes (total 6544609)
00000895	65.18265533	[16984] HTTP: Read 8191 bytes (total 6552800)
00000896	65.19190216	[16984] HTTP: Read 8191 bytes (total 6560991)
00000897	65.19197083	[16984] HTTP: Read 8191 bytes (total 6569182)
00000898	65.19308472	[16984] HTTP: Read 8191 bytes (total 6577373)
00000899	65.19328308	[16984] HTTP: Read 8191 bytes (total 6585564)
00000900	65.19339752	[16984] HTTP: Read 8191 bytes (total 6593755)
00000901	65.19344330	[16984] HTTP: Read 8191 bytes (total 6601946)
00000902	65.19769287	[16984] HTTP: Read 8191 bytes (total 6610137)
00000903	65.19779205	[16984] HTTP: Read 8191 bytes (total 6618328)
00000904	65.21270752	[16984] HTTP: Read 8191 bytes (total 6626519)
00000905	65.21290588	[16984] HTTP: Read 8191 bytes (total 6634710)
00000906	65.22546387	[16984] HTTP: Read 8191 bytes (total 6642901)
00000907	65.22550964	[16984] HTTP: Read 8191 bytes (total 6651092)
00000908	65.23866272	[16984] HTTP: Read 8191 bytes (total 6659283)
00000909	65.23872375	[16984] HTTP: Read 8191 bytes (total 6667474)
00000910	65.23880768	[16984] HTTP: Read 8191 bytes (total 6675665)
00000911	65.23886871	[16984] HTTP: Read 8191 bytes (total 6683856)
00000912	65.24292755	[16984] HTTP: Read 8191 bytes (total 6692047)
00000913	65.24301910	[16984] HTTP: Read 8191 bytes (total 6700238)
00000914	65.25411224	[16984] HTTP: Read 8191 bytes (total 6708429)
00000915	65.25413513	[16984] HTTP: Read 8191 bytes (total 6716620)
00000916	65.25858307	[16984] HTTP: Read 8191 bytes (total 6724811)
00000917	65.25865936	[16984] HTTP: Read 8191 bytes (total 6733002)
00000918	65.27210999	[16984] HTTP: Read 8191 bytes (total 6741193)
00000919	65.27216339	[16984] HTTP: Read 8191 bytes (total 6749384)
00000920	65.27393341	[16984] HTTP: Read 8191 bytes (total 6757575)
00000921	65.27400208	[16984] HTTP: Read 8191 bytes (total 6765766)
00000922	65.28467560	[16984] HTTP: Read 8191 bytes (total 6773957)
00000923	65.28470612	[16984] HTTP: Read 8191 bytes (total 6782148)
00000924	65.30972290	[16984] HTTP: Read 8191 bytes (total 6790339)
00000925	65.30981445	[16984] HTTP: Read 8191 bytes (total 6798530)
00000926	65.30991364	[16984] HTTP: Read 8191 bytes (total 6806721)
00000927	65.31000519	[16984] HTTP: Read 8191 bytes (total 6814912)
00000928	65.31012726	[16984] HTTP: Read 8191 bytes (total 6823103)
00000929	65.31015778	[16984] HTTP: Read 8191 bytes (total 6831294)
00000930	65.31023407	[16984] HTTP: Read 8191 bytes (total 6839485)
00000931	65.31031036	[16984] HTTP: Read 8191 bytes (total 6847676)
00000932	65.31506348	[16984] HTTP: Read 8191 bytes (total 6855867)
00000933	65.31519318	[16984] HTTP: Read 8191 bytes (total 6864058)
00000934	65.34928894	[16984] HTTP: Read 8191 bytes (total 6872249)
00000935	65.34935760	[16984] HTTP: Read 8191 bytes (total 6880440)
00000936	65.34954834	[16984] HTTP: Read 8191 bytes (total 6888631)
00000937	65.34962463	[16984] HTTP: Read 8191 bytes (total 6896822)
00000938	65.35375977	[16984] HTTP: Read 8191 bytes (total 6905013)
00000939	65.35389709	[16984] HTTP: Read 8191 bytes (total 6913204)
00000940	65.35691833	[16984] HTTP: Read 8191 bytes (total 6921395)
00000941	65.35700226	[16984] HTTP: Read 8191 bytes (total 6929586)
00000942	65.35717010	[16984] HTTP: Read 8191 bytes (total 6937777)
00000943	65.35726929	[16984] HTTP: Read 8191 bytes (total 6945968)
00000944	65.36664581	[16984] HTTP: Read 8191 bytes (total 6954159)
00000945	65.38686371	[16984] HTTP: Read 8191 bytes (total 6962350)
00000946	65.38690186	[16984] HTTP: Read 8191 bytes (total 6970541)
00000947	65.38700867	[16984] HTTP: Read 8191 bytes (total 6978732)
00000948	65.38710022	[16984] HTTP: Read 8191 bytes (total 6986923)
00000949	65.38713837	[16984] HTTP: Read 8191 bytes (total 6995114)
00000950	65.39204407	[16984] HTTP: Read 8191 bytes (total 7003305)
00000951	65.39210510	[16984] HTTP: Read 8191 bytes (total 7011496)
00000952	65.42049408	[16984] HTTP: Read 8191 bytes (total 7019687)
00000953	65.42060089	[16984] HTTP: Read 8191 bytes (total 7027878)
00000954	65.42795563	[16984] HTTP: Read 8191 bytes (total 7036069)
00000955	65.42845154	[16984] HTTP: Read 8191 bytes (total 7044260)
00000956	65.44338989	[16984] HTTP: Read 8191 bytes (total 7052451)
00000957	65.44347382	[16984] HTTP: Read 8191 bytes (total 7060642)
00000958	65.44437408	[16984] HTTP: Read 8191 bytes (total 7068833)
00000959	65.44508362	[16984] HTTP: Read 8191 bytes (total 7077024)
00000960	65.45416260	[16984] HTTP: Read 8191 bytes (total 7085215)
00000961	65.45428467	[16984] HTTP: Read 8191 bytes (total 7093406)
00000962	65.45441437	[16984] HTTP: Read 8191 bytes (total 7101597)
00000963	65.45446777	[16984] HTTP: Read 8191 bytes (total 7109788)
00000964	65.48456573	[16984] HTTP: Read 8191 bytes (total 7117979)
00000965	65.48461914	[16984] HTTP: Read 8191 bytes (total 7126170)
00000966	65.50408173	[16984] HTTP: Read 8191 bytes (total 7134361)
00000967	65.50432587	[16984] HTTP: Read 8191 bytes (total 7142552)
00000968	65.50604248	[16984] HTTP: Read 8191 bytes (total 7150743)
00000969	65.50613403	[16984] HTTP: Read 8191 bytes (total 7158934)
00000970	65.50835419	[16984] HTTP: Read 8191 bytes (total 7167125)
00000971	65.51544952	[16984] HTTP: Read 8191 bytes (total 7175316)
00000972	65.51598358	[16984] HTTP: Read 8191 bytes (total 7183507)
00000973	65.51614380	[16984] HTTP: Read 8191 bytes (total 7191698)
00000974	65.51631165	[16984] HTTP: Read 8191 bytes (total 7199889)
00000975	65.51642609	[16984] HTTP: Read 8191 bytes (total 7208080)
00000976	65.55213928	[16984] HTTP: Read 8191 bytes (total 7216271)
00000977	65.55224609	[16984] HTTP: Read 8191 bytes (total 7224462)
00000978	65.56865692	[16984] HTTP: Read 8191 bytes (total 7232653)
00000979	65.56876373	[16984] HTTP: Read 8191 bytes (total 7240844)
00000980	65.58988953	[16984] HTTP: Read 8191 bytes (total 7249035)
00000981	65.58994293	[16984] HTTP: Read 8191 bytes (total 7257226)
00000982	65.59001923	[16984] HTTP: Read 8191 bytes (total 7265417)
00000983	65.59005737	[16984] HTTP: Read 8191 bytes (total 7273608)
00000984	65.59014130	[16984] HTTP: Read 8191 bytes (total 7281799)
00000985	65.59019470	[16984] HTTP: Read 8191 bytes (total 7289990)
00000986	65.59025574	[16984] HTTP: Read 8191 bytes (total 7298181)
00000987	65.59030151	[16984] HTTP: Read 8191 bytes (total 7306372)
00000988	65.60399628	[16984] HTTP: Read 8191 bytes (total 7314563)
00000989	65.60407257	[16984] HTTP: Read 8191 bytes (total 7322754)
00000990	65.61306000	[16984] HTTP: Read 8191 bytes (total 7330945)
00000991	65.61309814	[16984] HTTP: Read 8191 bytes (total 7339136)
00000992	65.62240601	[16984] HTTP: Read 8191 bytes (total 7347327)
00000993	65.62288666	[16984] HTTP: Read 8191 bytes (total 7355518)
00000994	65.62296295	[16984] HTTP: Read 8191 bytes (total 7363709)
00000995	65.62303925	[16984] HTTP: Read 8191 bytes (total 7371900)
00000996	65.62314606	[16984] HTTP: Read 8191 bytes (total 7380091)
00000997	65.62318420	[16984] HTTP: Read 8191 bytes (total 7388282)
00000998	65.62324524	[16984] HTTP: Read 8191 bytes (total 7396473)
00000999	65.62328339	[16984] HTTP: Read 8191 bytes (total 7404664)
00001000	65.64601135	[16984] HTTP: Read 8191 bytes (total 7412855)
00001001	65.64615631	[16984] HTTP: Read 8191 bytes (total 7421046)
00001002	65.66149902	[16984] HTTP: Read 8191 bytes (total 7429237)
00001003	65.66155243	[16984] HTTP: Read 8191 bytes (total 7437428)
00001004	65.67169189	[16984] HTTP: Read 8191 bytes (total 7445619)
00001005	65.67175293	[16984] HTTP: Read 8191 bytes (total 7453810)
00001006	65.67700958	[16984] HTTP: Read 8191 bytes (total 7462001)
00001007	65.67711639	[16984] HTTP: Read 8191 bytes (total 7470192)
00001008	65.68484497	[16984] HTTP: Read 8191 bytes (total 7478383)
00001009	65.68497467	[16984] HTTP: Read 8191 bytes (total 7486574)
00001010	65.69338226	[16984] HTTP: Read 8191 bytes (total 7494765)
00001011	65.69353485	[16984] HTTP: Read 8191 bytes (total 7502956)
00001012	65.74060059	[16984] HTTP: Read 8191 bytes (total 7511147)
00001013	65.74072266	[16984] HTTP: Read 8191 bytes (total 7519338)
00001014	65.74085999	[16984] HTTP: Read 8191 bytes (total 7527529)
00001015	65.74093628	[16984] HTTP: Read 8191 bytes (total 7535720)
00001016	65.74118042	[16984] HTTP: Read 8191 bytes (total 7543911)
00001017	65.74124146	[16984] HTTP: Read 8191 bytes (total 7552102)
00001018	65.74131775	[16984] HTTP: Read 8191 bytes (total 7560293)
00001019	65.74136353	[16984] HTTP: Read 8191 bytes (total 7568484)
00001020	65.74707031	[16984] HTTP: Read 8191 bytes (total 7576675)
00001021	65.74719238	[16984] HTTP: Read 8191 bytes (total 7584866)
00001022	65.74732971	[16984] HTTP: Read 8191 bytes (total 7593057)
00001023	65.74813843	[16984] HTTP: Read 8191 bytes (total 7601248)
00001024	65.74858856	[16984] HTTP: Read 8191 bytes (total 7609439)
00001025	65.74934387	[16984] HTTP: Read 8191 bytes (total 7617630)
00001026	65.75257874	[16984] HTTP: Read 8191 bytes (total 7625821)
00001027	65.75265503	[16984] HTTP: Read 8191 bytes (total 7634012)
00001028	65.76950836	[16984] HTTP: Read 8191 bytes (total 7642203)
00001029	65.76956940	[16984] HTTP: Read 8191 bytes (total 7650394)
00001030	65.78479004	[16984] HTTP: Read 8191 bytes (total 7658585)
00001031	65.78488922	[16984] HTTP: Read 8191 bytes (total 7666776)
00001032	65.82904053	[16984] HTTP: Read 8191 bytes (total 7674967)
00001033	65.82923126	[16984] HTTP: Read 8191 bytes (total 7683158)
00001034	65.83559418	[16984] HTTP: Read 8191 bytes (total 7691349)
00001035	65.83571625	[16984] HTTP: Read 8191 bytes (total 7699540)
00001036	65.83592224	[16984] HTTP: Read 8191 bytes (total 7707731)
00001037	65.83609009	[16984] HTTP: Read 8191 bytes (total 7715922)
00001038	65.83625793	[16984] HTTP: Read 8191 bytes (total 7724113)
00001039	65.83643341	[16984] HTTP: Read 8191 bytes (total 7732304)
00001040	65.84488678	[16984] HTTP: Read 8191 bytes (total 7740495)
00001041	65.84497833	[16984] HTTP: Read 8191 bytes (total 7748686)
00001042	65.84783173	[16984] HTTP: Read 8191 bytes (total 7756877)
00001043	65.84809113	[16984] HTTP: Read 8191 bytes (total 7765068)
00001044	65.88268280	[16984] HTTP: Read 8191 bytes (total 7773259)
00001045	65.88270569	[16984] HTTP: Read 8191 bytes (total 7781450)
00001046	65.89309692	[16984] HTTP: Read 8191 bytes (total 7789641)
00001047	65.89317322	[16984] HTTP: Read 8191 bytes (total 7797832)
00001048	65.89417267	[16984] HTTP: Read 8191 bytes (total 7806023)
00001049	65.89421844	[16984] HTTP: Read 8191 bytes (total 7814214)
00001050	65.90332794	[16984] HTTP: Read 8191 bytes (total 7822405)
00001051	65.90343475	[16984] HTTP: Read 8191 bytes (total 7830596)
00001052	65.90870667	[16984] HTTP: Read 8191 bytes (total 7838787)
00001053	65.90876770	[16984] HTTP: Read 8191 bytes (total 7846978)
00001054	65.93986511	[16984] HTTP: Read 8191 bytes (total 7855169)
00001055	65.93992615	[16984] HTTP: Read 8191 bytes (total 7863360)
00001056	65.94120026	[16984] HTTP: Read 8191 bytes (total 7871551)
00001057	65.94123840	[16984] HTTP: Read 8191 bytes (total 7879742)
00001058	65.95548248	[16984] HTTP: Read 8191 bytes (total 7887933)
00001059	65.95562744	[16984] HTTP: Read 8191 bytes (total 7896124)
00001060	65.98474121	[16984] HTTP: Read 8191 bytes (total 7904315)
00001061	65.98478699	[16984] HTTP: Read 8191 bytes (total 7912506)
00001062	65.98762512	[16984] HTTP: Read 8191 bytes (total 7920697)
00001063	65.98769379	[16984] HTTP: Read 8191 bytes (total 7928888)
00001064	65.98948669	[16984] HTTP: Read 8191 bytes (total 7937079)
00001065	65.98959351	[16984] HTTP: Read 8191 bytes (total 7945270)
00001066	65.99567413	[16984] HTTP: Read 8191 bytes (total 7953461)
00001067	65.99571228	[16984] HTTP: Read 8191 bytes (total 7961652)
00001068	65.99878693	[16984] HTTP: Read 8191 bytes (total 7969843)
00001069	65.99885559	[16984] HTTP: Read 8191 bytes (total 7978034)
00001070	66.01699829	[16984] HTTP: Read 8191 bytes (total 7986225)
00001071	66.01705933	[16984] HTTP: Read 8191 bytes (total 7994416)
00001072	66.02403259	[16984] HTTP: Read 8191 bytes (total 8002607)
00001073	66.02408600	[16984] HTTP: Read 8191 bytes (total 8010798)
00001074	66.02416992	[16984] HTTP: Read 8191 bytes (total 8018989)
00001075	66.02420807	[16984] HTTP: Read 8191 bytes (total 8027180)
00001076	66.03250885	[16984] HTTP: Read 8191 bytes (total 8035371)
00001077	66.03261566	[16984] HTTP: Read 8191 bytes (total 8043562)
00001078	66.04266357	[16984] HTTP: Read 8191 bytes (total 8051753)
00001079	66.04276276	[16984] HTTP: Read 8191 bytes (total 8059944)
00001080	66.04294586	[16984] HTTP: Read 8191 bytes (total 8068135)
00001081	66.04311371	[16984] HTTP: Read 8191 bytes (total 8076326)
00001082	66.04779053	[16984] HTTP: Read 8191 bytes (total 8084517)
00001083	66.04789734	[16984] HTTP: Read 8191 bytes (total 8092708)
00001084	66.09839630	[16984] HTTP: Read 8191 bytes (total 8100899)
00001085	66.09849548	[16984] HTTP: Read 8191 bytes (total 8109090)
00001086	66.10424805	[16984] HTTP: Read 8191 bytes (total 8117281)
00001087	66.10441589	[16984] HTTP: Read 8191 bytes (total 8125472)
00001088	66.10459900	[16984] HTTP: Read 8191 bytes (total 8133663)
00001089	66.10473633	[16984] HTTP: Read 8191 bytes (total 8141854)
00001090	66.12297058	[16984] HTTP: Read 8191 bytes (total 8150045)
00001091	66.12301636	[16984] HTTP: Read 8191 bytes (total 8158236)
00001092	66.12477112	[16984] HTTP: Read 8191 bytes (total 8166427)
00001093	66.12483215	[16984] HTTP: Read 8191 bytes (total 8174618)
00001094	66.12490845	[16984] HTTP: Read 8191 bytes (total 8182809)
00001095	66.12496948	[16984] HTTP: Read 8191 bytes (total 8191000)
00001096	66.14943695	[16984] HTTP: Read 8191 bytes (total 8199191)
00001097	66.14958191	[16984] HTTP: Read 8191 bytes (total 8207382)
00001098	66.15583038	[16984] HTTP: Read 8191 bytes (total 8215573)
00001099	66.15592194	[16984] HTTP: Read 8191 bytes (total 8223764)
00001100	66.18731689	[16984] HTTP: Read 8191 bytes (total 8231955)
00001101	66.18751526	[16984] HTTP: Read 8191 bytes (total 8240146)
00001102	66.19979858	[16984] HTTP: Read 8191 bytes (total 8248337)
00001103	66.19985962	[16984] HTTP: Read 8191 bytes (total 8256528)
00001104	66.20001984	[16984] HTTP: Read 8191 bytes (total 8264719)
00001105	66.20011139	[16984] HTTP: Read 8191 bytes (total 8272910)
00001106	66.20022583	[16984] HTTP: Read 8191 bytes (total 8281101)
00001107	66.20059204	[16984] HTTP: Read 8191 bytes (total 8289292)
00001108	66.21778870	[16984] HTTP: Read 8191 bytes (total 8297483)
00001109	66.21794128	[16984] HTTP: Read 8191 bytes (total 8305674)
00001110	66.21807098	[16984] HTTP: Read 8191 bytes (total 8313865)
00001111	66.21814728	[16984] HTTP: Read 8191 bytes (total 8322056)
00001112	66.23391724	[16984] HTTP: Read 8191 bytes (total 8330247)
00001113	66.23406982	[16984] HTTP: Read 8191 bytes (total 8338438)
00001114	66.26569366	[16984] HTTP: Read 8191 bytes (total 8346629)
00001115	66.26625061	[16984] HTTP: Read 8191 bytes (total 8354820)
00001116	66.26644135	[16984] HTTP: Read 8191 bytes (total 8363011)
00001117	66.26649475	[16984] HTTP: Read 8191 bytes (total 8371202)
00001118	66.26691437	[16984] HTTP: Read 8191 bytes (total 8379393)
00001119	66.26700592	[16984] HTTP: Read 8191 bytes (total 8387584)
00001120	66.26712799	[16984] HTTP: Read 8191 bytes (total 8395775)
00001121	66.26719666	[16984] HTTP: Read 8191 bytes (total 8403966)
00001122	66.28028870	[16984] HTTP: Read 8191 bytes (total 8412157)
00001123	66.28036499	[16984] HTTP: Read 8191 bytes (total 8420348)
00001124	66.30211639	[16984] HTTP: Read 8191 bytes (total 8428539)
00001125	66.30223846	[16984] HTTP: Read 8191 bytes (total 8436730)
00001126	66.30232239	[16984] HTTP: Read 8191 bytes (total 8444921)
00001127	66.30236816	[16984] HTTP: Read 8191 bytes (total 8453112)
00001128	66.31010437	[16984] HTTP: Read 8191 bytes (total 8461303)
00001129	66.31027222	[16984] HTTP: Read 8191 bytes (total 8469494)
00001130	66.32320404	[16984] HTTP: Read 8191 bytes (total 8477685)
00001131	66.32328033	[16984] HTTP: Read 8191 bytes (total 8485876)
00001132	66.32390594	[16984] HTTP: Read 8191 bytes (total 8494067)
00001133	66.32396698	[16984] HTTP: Read 8191 bytes (total 8502258)
00001134	66.32573700	[16984] HTTP: Read 8191 bytes (total 8510449)
00001135	66.32579041	[16984] HTTP: Read 8191 bytes (total 8518640)
00001136	66.34114838	[16984] HTTP: Read 8191 bytes (total 8526831)
00001137	66.34120941	[16984] HTTP: Read 8191 bytes (total 8535022)
00001138	66.35625458	[16984] HTTP: Read 8191 bytes (total 8543213)
00001139	66.35633087	[16984] HTTP: Read 8191 bytes (total 8551404)
00001140	66.35919189	[16984] HTTP: Read 8191 bytes (total 8559595)
00001141	66.35926056	[16984] HTTP: Read 8191 bytes (total 8567786)
00001142	66.37219238	[16984] HTTP: Read 8191 bytes (total 8575977)
00001143	66.39330292	[16984] HTTP: Read 8191 bytes (total 8584168)
00001144	66.39334869	[16984] HTTP: Read 8191 bytes (total 8592359)
00001145	66.39391327	[16984] HTTP: Read 8191 bytes (total 8600550)
00001146	66.39426422	[16984] HTTP: Read 8191 bytes (total 8608741)
00001147	66.39430237	[16984] HTTP: Read 8191 bytes (total 8616932)
00001148	66.43505096	[16984] HTTP: Read 8191 bytes (total 8625123)
00001149	66.43518066	[16984] HTTP: Read 8191 bytes (total 8633314)
00001150	66.43530273	[16984] HTTP: Read 8191 bytes (total 8641505)
00001151	66.43534088	[16984] HTTP: Read 8191 bytes (total 8649696)
00001152	66.43768311	[16984] HTTP: Read 8191 bytes (total 8657887)
00001153	66.43773651	[16984] HTTP: Read 8191 bytes (total 8666078)
00001154	66.44879913	[16984] HTTP: Read 8191 bytes (total 8674269)
00001155	66.44889832	[16984] HTTP: Read 8191 bytes (total 8682460)
00001156	66.46541595	[16984] HTTP: Read 8191 bytes (total 8690651)
00001157	66.46552277	[16984] HTTP: Read 8191 bytes (total 8698842)
00001158	66.47679901	[16984] HTTP: Read 8191 bytes (total 8707033)
00001159	66.47692871	[16984] HTTP: Read 8191 bytes (total 8715224)
00001160	66.48011780	[16984] HTTP: Read 8191 bytes (total 8723415)
00001161	66.48027039	[16984] HTTP: Read 8191 bytes (total 8731606)
00001162	66.54263306	[16984] HTTP: Read 8191 bytes (total 8739797)
00001163	66.54276276	[16984] HTTP: Read 8191 bytes (total 8747988)
00001164	66.60496521	[16984] HTTP: Read 8191 bytes (total 8756179)
00001165	66.60511017	[16984] HTTP: Read 8191 bytes (total 8764370)
00001166	66.60929871	[16984] HTTP: Read 8191 bytes (total 8772561)
00001167	66.60938263	[16984] HTTP: Read 8191 bytes (total 8780752)
00001168	66.60948181	[16984] HTTP: Read 8191 bytes (total 8788943)
00001169	66.60954285	[16984] HTTP: Read 8191 bytes (total 8797134)
00001170	66.62036896	[16984] HTTP: Read 8191 bytes (total 8805325)
00001171	66.62052155	[16984] HTTP: Read 8191 bytes (total 8813516)
00001172	66.62059784	[16984] HTTP: Read 8191 bytes (total 8821707)
00001173	66.62063599	[16984] HTTP: Read 8191 bytes (total 8829898)
00001174	66.63928986	[16984] HTTP: Read 8191 bytes (total 8838089)
00001175	66.63935089	[16984] HTTP: Read 8191 bytes (total 8846280)
00001176	66.64733124	[16984] HTTP: Read 8191 bytes (total 8854471)
00001177	66.64743805	[16984] HTTP: Read 8191 bytes (total 8862662)
00001178	66.64759827	[16984] HTTP: Read 8191 bytes (total 8870853)
00001179	66.64817810	[16984] HTTP: Read 8191 bytes (total 8879044)
00001180	66.65110779	[16984] HTTP: Read 8191 bytes (total 8887235)
00001181	66.65117645	[16984] HTTP: Read 8191 bytes (total 8895426)
00001182	66.74059296	[16984] HTTP: Read 8191 bytes (total 8903617)
00001183	66.74079895	[16984] HTTP: Read 8191 bytes (total 8911808)
00001184	66.74102020	[16984] HTTP: Read 8191 bytes (total 8919999)
00001185	66.74108887	[16984] HTTP: Read 8191 bytes (total 8928190)
00001186	66.74123383	[16984] HTTP: Read 8191 bytes (total 8936381)
00001187	66.74124908	[16984] HTTP: Read 8191 bytes (total 8944572)
00001188	66.74142456	[16984] HTTP: Read 8191 bytes (total 8952763)
00001189	66.74146271	[16984] HTTP: Read 8191 bytes (total 8960954)
00001190	66.75094604	[16984] HTTP: Read 8191 bytes (total 8969145)
00001191	66.75101471	[16984] HTTP: Read 8191 bytes (total 8977336)
00001192	66.75109100	[16984] HTTP: Read 8191 bytes (total 8985527)
00001193	66.75114441	[16984] HTTP: Read 8191 bytes (total 8993718)
00001194	66.75855255	[16984] HTTP: Read 8191 bytes (total 9001909)
00001195	66.75908661	[16984] HTTP: Read 8191 bytes (total 9010100)
00001196	66.75925446	[16984] HTTP: Read 8191 bytes (total 9018291)
00001197	66.75933838	[16984] HTTP: Read 8191 bytes (total 9026482)
00001198	66.80104065	[16984] HTTP: Read 8191 bytes (total 9034673)
00001199	66.80118561	[16984] HTTP: Read 8191 bytes (total 9042864)
00001200	66.80126190	[16984] HTTP: Read 8191 bytes (total 9051055)
00001201	66.80132294	[16984] HTTP: Read 8191 bytes (total 9059246)
00001202	66.80950928	[16984] HTTP: Read 8191 bytes (total 9067437)
00001203	66.80959320	[16984] HTTP: Read 8191 bytes (total 9075628)
00001204	66.80969238	[16984] HTTP: Read 8191 bytes (total 9083819)
00001205	66.80973816	[16984] HTTP: Read 8191 bytes (total 9092010)
00001206	66.85897827	[16984] HTTP: Read 8191 bytes (total 9100201)
00001207	66.85907745	[16984] HTTP: Read 8191 bytes (total 9108392)
00001208	66.85916901	[16984] HTTP: Read 8191 bytes (total 9116583)
00001209	66.85922241	[16984] HTTP: Read 8191 bytes (total 9124774)
00001210	66.86160278	[16984] HTTP: Read 8191 bytes (total 9132965)
00001211	66.86165619	[16984] HTTP: Read 8191 bytes (total 9141156)
00001212	66.87879181	[16984] HTTP: Read 8191 bytes (total 9149347)
00001213	66.87881470	[16984] HTTP: Read 8191 bytes (total 9157538)
00001214	66.87915802	[16984] HTTP: Read 8191 bytes (total 9165729)
00001215	66.87937164	[16984] HTTP: Read 8191 bytes (total 9173920)
00001216	66.88046265	[16984] HTTP: Read 8191 bytes (total 9182111)
00001217	66.88059235	[16984] HTTP: Read 8191 bytes (total 9190302)
00001218	66.88144684	[16984] HTTP: Read 8191 bytes (total 9198493)
00001219	66.88152313	[16984] HTTP: Read 8191 bytes (total 9206684)
00001220	66.88273621	[16984] HTTP: Read 8191 bytes (total 9214875)
00001221	66.88281250	[16984] HTTP: Read 8191 bytes (total 9223066)
00001222	66.89353943	[16984] HTTP: Read 8191 bytes (total 9231257)
00001223	66.89358521	[16984] HTTP: Read 8191 bytes (total 9239448)
00001224	66.89429474	[16984] HTTP: Read 8191 bytes (total 9247639)
00001225	66.89431763	[16984] HTTP: Read 8191 bytes (total 9255830)
00001226	66.90660858	[16984] HTTP: Read 8191 bytes (total 9264021)
00001227	66.90672302	[16984] HTTP: Read 8191 bytes (total 9272212)
00001228	66.90684509	[16984] HTTP: Read 8191 bytes (total 9280403)
00001229	66.90699768	[16984] HTTP: Read 8191 bytes (total 9288594)
00001230	66.91176605	[16984] HTTP: Read 8191 bytes (total 9296785)
00001231	66.91181183	[16984] HTTP: Read 8191 bytes (total 9304976)
00001232	66.92336273	[16984] HTTP: Read 8191 bytes (total 9313167)
00001233	66.92340851	[16984] HTTP: Read 8191 bytes (total 9321358)
00001234	66.92404175	[16984] HTTP: Read 8191 bytes (total 9329549)
00001235	66.92408752	[16984] HTTP: Read 8191 bytes (total 9337740)
00001236	66.92417145	[16984] HTTP: Read 8191 bytes (total 9345931)
00001237	66.92420197	[16984] HTTP: Read 8191 bytes (total 9354122)
00001238	66.93195343	[16984] HTTP: Read 8191 bytes (total 9362313)
00001239	66.93206024	[16984] HTTP: Read 8191 bytes (total 9370504)
00001240	66.95971680	[16984] HTTP: Read 8191 bytes (total 9378695)
00001241	66.95983887	[16984] HTTP: Read 8191 bytes (total 9386886)
00001242	66.96319580	[16984] HTTP: Read 8191 bytes (total 9395077)
00001243	66.96327209	[16984] HTTP: Read 8191 bytes (total 9403268)
00001244	66.96337128	[16984] HTTP: Read 8191 bytes (total 9411459)
00001245	66.96341705	[16984] HTTP: Read 8191 bytes (total 9419650)
00001246	66.96387482	[16984] HTTP: Read 8191 bytes (total 9427841)
00001247	66.96395111	[16984] HTTP: Read 8191 bytes (total 9436032)
00001248	66.97441864	[16984] HTTP: Read 8191 bytes (total 9444223)
00001249	66.97450256	[16984] HTTP: Read 8191 bytes (total 9452414)
00001250	66.98294830	[16984] HTTP: Read 8191 bytes (total 9460605)
00001251	66.98302460	[16984] HTTP: Read 8191 bytes (total 9468796)
00001252	66.99017334	[16984] HTTP: Read 8191 bytes (total 9476987)
00001253	66.99027252	[16984] HTTP: Read 8191 bytes (total 9485178)
00001254	67.00641632	[16984] HTTP: Read 8191 bytes (total 9493369)
00001255	67.00650024	[16984] HTTP: Read 8191 bytes (total 9501560)
00001256	67.01538849	[16984] HTTP: Read 8191 bytes (total 9509751)
00001257	67.01551056	[16984] HTTP: Read 8191 bytes (total 9517942)
00001258	67.01787567	[16984] HTTP: Read 8191 bytes (total 9526133)
00001259	67.01798248	[16984] HTTP: Read 8191 bytes (total 9534324)
00001260	67.01812744	[16984] HTTP: Read 8191 bytes (total 9542515)
00001261	67.01819611	[16984] HTTP: Read 8191 bytes (total 9550706)
00001262	67.03445435	[16984] HTTP: Read 8191 bytes (total 9558897)
00001263	67.03459930	[16984] HTTP: Read 8191 bytes (total 9567088)
00001264	67.03472900	[16984] HTTP: Read 8191 bytes (total 9575279)
00001265	67.03475189	[16984] HTTP: Read 8191 bytes (total 9583470)
00001266	67.05147552	[16984] HTTP: Read 8191 bytes (total 9591661)
00001267	67.05167389	[16984] HTTP: Read 8191 bytes (total 9599852)
00001268	67.09938049	[16984] HTTP: Read 8191 bytes (total 9608043)
00001269	67.09949493	[16984] HTTP: Read 8191 bytes (total 9616234)
00001270	67.10296631	[16984] HTTP: Read 8191 bytes (total 9624425)
00001271	67.10308075	[16984] HTTP: Read 8191 bytes (total 9632616)
00001272	67.10312653	[16984] HTTP: Read 8191 bytes (total 9640807)
00001273	67.10316467	[16984] HTTP: Read 8191 bytes (total 9648998)
00001274	67.10322571	[16984] HTTP: Read 8191 bytes (total 9657189)
00001275	67.10332489	[16984] HTTP: Read 8191 bytes (total 9665380)
00001276	67.10359955	[16984] HTTP: Read 8191 bytes (total 9673571)
00001277	67.10366058	[16984] HTTP: Read 8191 bytes (total 9681762)
00001278	67.10375214	[16984] HTTP: Read 8191 bytes (total 9689953)
00001279	67.10381317	[16984] HTTP: Read 8191 bytes (total 9698144)
00001280	67.10652924	[16984] HTTP: Read 8191 bytes (total 9706335)
00001281	67.10665894	[16984] HTTP: Read 8191 bytes (total 9714526)
00001282	67.28108978	[16984] HTTP: Read 8191 bytes (total 9722717)
00001283	67.28172302	[16984] HTTP: Read 8191 bytes (total 9730908)
00001284	67.28190613	[16984] HTTP: Read 8191 bytes (total 9739099)
00001285	67.28201294	[16984] HTTP: Read 8191 bytes (total 9747290)
00001286	67.28241730	[16984] HTTP: Read 8191 bytes (total 9755481)
00001287	67.28302765	[16984] HTTP: Read 8191 bytes (total 9763672)
00001288	67.28318024	[16984] HTTP: Read 8191 bytes (total 9771863)
00001289	67.28321075	[16984] HTTP: Read 8191 bytes (total 9780054)
00001290	67.28333282	[16984] HTTP: Read 8191 bytes (total 9788245)
00001291	67.28340149	[16984] HTTP: Read 8191 bytes (total 9796436)
00001292	67.28362274	[16984] HTTP: Read 8191 bytes (total 9804627)
00001293	67.28368378	[16984] HTTP: Read 8191 bytes (total 9812818)
00001294	67.38732910	[16984] HTTP: Read 8191 bytes (total 9821009)
00001295	67.38738251	[16984] HTTP: Read 8191 bytes (total 9829200)
00001296	67.38943481	[16984] HTTP: Read 8191 bytes (total 9837391)
00001297	67.38948822	[16984] HTTP: Read 8191 bytes (total 9845582)
00001298	67.39057159	[16984] HTTP: Read 8191 bytes (total 9853773)
00001299	67.39064789	[16984] HTTP: Read 8191 bytes (total 9861964)
00001300	67.40126038	[16984] HTTP: Read 8191 bytes (total 9870155)
00001301	67.40140533	[16984] HTTP: Read 8191 bytes (total 9878346)
00001302	67.40153503	[16984] HTTP: Read 8191 bytes (total 9886537)
00001303	67.40158844	[16984] HTTP: Read 8191 bytes (total 9894728)
00001304	67.40172577	[16984] HTTP: Read 8191 bytes (total 9902919)
00001305	67.40183258	[16984] HTTP: Read 8191 bytes (total 9911110)
00001306	67.40194702	[16984] HTTP: Read 8191 bytes (total 9919301)
00001307	67.40205383	[16984] HTTP: Read 8191 bytes (total 9927492)
00001308	67.42146301	[16984] HTTP: Read 8191 bytes (total 9935683)
00001309	67.42155457	[16984] HTTP: Read 8191 bytes (total 9943874)
00001310	67.51030731	[16984] HTTP: Read 8191 bytes (total 9952065)
00001311	67.51042175	[16984] HTTP: Read 8191 bytes (total 9960256)
00001312	67.51059723	[16984] HTTP: Read 8191 bytes (total 9968447)
00001313	67.51077271	[16984] HTTP: Read 8191 bytes (total 9976638)
00001314	67.51094055	[16984] HTTP: Read 8191 bytes (total 9984829)
00001315	67.51109314	[16984] HTTP: Read 8191 bytes (total 9993020)
00001316	67.51436615	[16984] HTTP: Read 8191 bytes (total 10001211)
00001317	67.51440430	[16984] HTTP: Read 8191 bytes (total 10009402)
00001318	67.51459503	[16984] HTTP: Read 8191 bytes (total 10017593)
00001319	67.51467133	[16984] HTTP: Read 8191 bytes (total 10025784)
00001320	67.53047180	[16984] HTTP: Read 8191 bytes (total 10033975)
00001321	67.53060150	[16984] HTTP: Read 8191 bytes (total 10042166)
00001322	67.53563690	[16984] HTTP: Read 8191 bytes (total 10050357)
00001323	67.53575897	[16984] HTTP: Read 8191 bytes (total 10058548)
00001324	67.57743073	[16984] HTTP: Read 8191 bytes (total 10066739)
00001325	67.57810211	[16984] HTTP: Read 8191 bytes (total 10074930)
00001326	67.60765076	[16984] HTTP: Read 8191 bytes (total 10083121)
00001327	67.60781097	[16984] HTTP: Read 8191 bytes (total 10091312)
00001328	67.63877106	[16984] HTTP: Read 8191 bytes (total 10099503)
00001329	67.63890839	[16984] HTTP: Read 8191 bytes (total 10107694)
00001330	67.63904572	[16984] HTTP: Read 8191 bytes (total 10115885)
00001331	67.63910675	[16984] HTTP: Read 8191 bytes (total 10124076)
00001332	67.65388489	[16984] HTTP: Read 8191 bytes (total 10132267)
00001333	67.65401459	[16984] HTTP: Read 8191 bytes (total 10140458)
00001334	67.65427399	[16984] HTTP: Read 8191 bytes (total 10148649)
00001335	67.65432739	[16984] HTTP: Read 8191 bytes (total 10156840)
00001336	67.67034912	[16984] HTTP: Read 8191 bytes (total 10165031)
00001337	67.67037201	[16984] HTTP: Read 8191 bytes (total 10173222)
00001338	67.67052460	[16984] HTTP: Read 8191 bytes (total 10181413)
00001339	67.67061615	[16984] HTTP: Read 8191 bytes (total 10189604)
00001340	67.68534088	[16984] HTTP: Read 8191 bytes (total 10197795)
00001341	67.68546295	[16984] HTTP: Read 8191 bytes (total 10205986)
00001342	67.68556976	[16984] HTTP: Read 8191 bytes (total 10214177)
00001343	67.68572235	[16984] HTTP: Read 8191 bytes (total 10222368)
00001344	67.69399261	[16984] HTTP: Read 8191 bytes (total 10230559)
00001345	67.69412994	[16984] HTTP: Read 8191 bytes (total 10238750)
00001346	67.73239136	[16984] HTTP: Read 8191 bytes (total 10246941)
00001347	67.73246765	[16984] HTTP: Read 8191 bytes (total 10255132)
00001348	67.73257446	[16984] HTTP: Read 8191 bytes (total 10263323)
00001349	67.73263550	[16984] HTTP: Read 8191 bytes (total 10271514)
00001350	67.74297333	[16984] HTTP: Read 8191 bytes (total 10279705)
00001351	67.74315643	[16984] HTTP: Read 8191 bytes (total 10287896)
00001352	67.74324799	[16984] HTTP: Read 8191 bytes (total 10296087)
00001353	67.74331665	[16984] HTTP: Read 8191 bytes (total 10304278)
00001354	67.74642944	[16984] HTTP: Read 8191 bytes (total 10312469)
00001355	67.74658966	[16984] HTTP: Read 8191 bytes (total 10320660)
00001356	67.76142120	[16984] HTTP: Read 8191 bytes (total 10328851)
00001357	67.76149750	[16984] HTTP: Read 8191 bytes (total 10337042)
00001358	67.77304077	[16984] HTTP: Read 8191 bytes (total 10345233)
00001359	67.77311707	[16984] HTTP: Read 8191 bytes (total 10353424)
00001360	67.77453613	[16984] HTTP: Read 8191 bytes (total 10361615)
00001361	67.77464294	[16984] HTTP: Read 8191 bytes (total 10369806)
00001362	67.83893585	[16984] HTTP: Read 8191 bytes (total 10377997)
00001363	67.83905029	[16984] HTTP: Read 8191 bytes (total 10386188)
00001364	67.86038971	[16984] HTTP: Read 8191 bytes (total 10394379)
00001365	67.86042786	[16984] HTTP: Read 8191 bytes (total 10402570)
00001366	67.86058044	[16984] HTTP: Read 8191 bytes (total 10410761)
00001367	67.86073303	[16984] HTTP: Read 8191 bytes (total 10418952)
00001368	67.86077118	[16984] HTTP: Read 8191 bytes (total 10427143)
00001369	67.86087799	[16984] HTTP: Read 8191 bytes (total 10435334)
00001370	67.86094666	[16984] HTTP: Read 8191 bytes (total 10443525)
00001371	67.86099243	[16984] HTTP: Read 8191 bytes (total 10451716)
00001372	67.86107635	[16984] HTTP: Read 8191 bytes (total 10459907)
00001373	67.86121368	[16984] HTTP: Read 8191 bytes (total 10468098)
00001374	67.86137390	[16984] HTTP: Read 8191 bytes (total 10476289)
00001375	67.86154938	[16984] HTTP: Read 8191 bytes (total 10484480)
00001376	67.86172485	[16984] HTTP: Read 8191 bytes (total 10492671)
00001377	67.86179352	[16984] HTTP: Read 8191 bytes (total 10500862)
00001378	67.86188507	[16984] HTTP: Read 8191 bytes (total 10509053)
00001379	67.86206818	[16984] HTTP: Read 8191 bytes (total 10517244)
00001380	67.89034271	[16984] HTTP: Read 8191 bytes (total 10525435)
00001381	67.89035797	[16984] HTTP: Read 8191 bytes (total 10533626)
00001382	67.89528656	[16984] HTTP: Read 8191 bytes (total 10541817)
00001383	67.89536285	[16984] HTTP: Read 8191 bytes (total 10550008)
00001384	67.89549255	[16984] HTTP: Read 8191 bytes (total 10558199)
00001385	67.89563751	[16984] HTTP: Read 8191 bytes (total 10566390)
00001386	67.90036774	[16984] HTTP: Read 8191 bytes (total 10574581)
00001387	67.90041351	[16984] HTTP: Read 8191 bytes (total 10582772)
00001388	67.91889954	[16984] HTTP: Read 8191 bytes (total 10590963)
00001389	67.91899872	[16984] HTTP: Read 8191 bytes (total 10599154)
00001390	67.91912079	[16984] HTTP: Read 8191 bytes (total 10607345)
00001391	67.91916656	[16984] HTTP: Read 8191 bytes (total 10615536)
00001392	67.92185974	[16984] HTTP: Read 8191 bytes (total 10623727)
00001393	67.92200470	[16984] HTTP: Read 8191 bytes (total 10631918)
00001394	67.94393921	[16984] HTTP: Read 8191 bytes (total 10640109)
00001395	67.94408417	[16984] HTTP: Read 8191 bytes (total 10648300)
00001396	67.94462585	[16984] HTTP: Read 8191 bytes (total 10656491)
00001397	67.94474030	[16984] HTTP: Read 8191 bytes (total 10664682)
00001398	67.94489288	[16984] HTTP: Read 8191 bytes (total 10672873)
00001399	67.94493103	[16984] HTTP: Read 8191 bytes (total 10681064)
00001400	67.96987152	[16984] HTTP: Read 8191 bytes (total 10689255)
00001401	67.97003937	[16984] HTTP: Read 8191 bytes (total 10697446)
00001402	67.97015381	[16984] HTTP: Read 8191 bytes (total 10705637)
00001403	67.97029114	[16984] HTTP: Read 8191 bytes (total 10713828)
00001404	67.97829437	[16984] HTTP: Read 8191 bytes (total 10722019)
00001405	67.97834778	[16984] HTTP: Read 8191 bytes (total 10730210)
00001406	67.99333191	[16984] HTTP: Read 8191 bytes (total 10738401)
00001407	67.99339294	[16984] HTTP: Read 8191 bytes (total 10746592)
00001408	67.99768066	[16984] HTTP: Read 8191 bytes (total 10754783)
00001409	68.00420380	[16984] HTTP: Read 8191 bytes (total 10762974)
00001410	68.00455475	[16984] HTTP: Read 8191 bytes (total 10771165)
00001411	68.00470734	[16984] HTTP: Read 8191 bytes (total 10779356)
00001412	68.00669098	[16984] HTTP: Read 8191 bytes (total 10787547)
00001413	68.00682831	[16984] HTTP: Read 8191 bytes (total 10795738)
00001414	68.00850677	[16984] HTTP: Read 8191 bytes (total 10803929)
00001415	68.00852966	[16984] HTTP: Read 8191 bytes (total 10812120)
00001416	68.02436829	[16984] HTTP: Read 8191 bytes (total 10820311)
00001417	68.02458191	[16984] HTTP: Read 8191 bytes (total 10828502)
00001418	68.04010010	[16984] HTTP: Read 8191 bytes (total 10836693)
00001419	68.04021454	[16984] HTTP: Read 8191 bytes (total 10844884)
00001420	68.06372070	[16984] HTTP: Read 8191 bytes (total 10853075)
00001421	68.06380463	[16984] HTTP: Read 8191 bytes (total 10861266)
00001422	68.06392670	[16984] HTTP: Read 8191 bytes (total 10869457)
00001423	68.06396484	[16984] HTTP: Read 8191 bytes (total 10877648)
00001424	68.07053375	[16984] HTTP: Read 8191 bytes (total 10885839)
00001425	68.07067871	[16984] HTTP: Read 8191 bytes (total 10894030)
00001426	68.10253143	[16984] HTTP: Read 8191 bytes (total 10902221)
00001427	68.10271454	[16984] HTTP: Read 8191 bytes (total 10910412)
00001428	68.16178894	[16984] HTTP: Read 8191 bytes (total 10918603)
00001429	68.16184235	[16984] HTTP: Read 8191 bytes (total 10926794)
00001430	68.16310120	[16984] HTTP: Read 8191 bytes (total 10934985)
00001431	68.16381073	[16984] HTTP: Read 8191 bytes (total 10943176)
00001432	68.16384888	[16984] HTTP: Read 8191 bytes (total 10951367)
00001433	68.16405487	[16984] HTTP: Read 8191 bytes (total 10959558)
00001434	68.16417694	[16984] HTTP: Read 8191 bytes (total 10967749)
00001435	68.16432190	[16984] HTTP: Read 8191 bytes (total 10975940)
00001436	68.16439819	[16984] HTTP: Read 8191 bytes (total 10984131)
00001437	68.16464233	[16984] HTTP: Read 8191 bytes (total 10992322)
00001438	68.16484833	[16984] HTTP: Read 8191 bytes (total 11000513)
00001439	68.16502380	[16984] HTTP: Read 8191 bytes (total 11008704)
00001440	68.16507721	[16984] HTTP: Read 8191 bytes (total 11016895)
00001441	68.16525269	[16984] HTTP: Read 8191 bytes (total 11025086)
00001442	68.16532135	[16984] HTTP: Read 8191 bytes (total 11033277)
00001443	68.16539764	[16984] HTTP: Read 8191 bytes (total 11041468)
00001444	68.16878510	[16984] HTTP: Read 8191 bytes (total 11049659)
00001445	68.16905975	[16984] HTTP: Read 8191 bytes (total 11057850)
00001446	68.16963196	[16984] HTTP: Read 8191 bytes (total 11066041)
00001447	68.16980743	[16984] HTTP: Read 8191 bytes (total 11074232)
00001448	68.17977905	[16984] HTTP: Read 8191 bytes (total 11082423)
00001449	68.18089294	[16984] HTTP: Read 8191 bytes (total 11090614)
00001450	68.19573212	[16984] HTTP: Read 8191 bytes (total 11098805)
00001451	68.19589233	[16984] HTTP: Read 8191 bytes (total 11106996)
00001452	68.21334839	[16984] HTTP: Read 8191 bytes (total 11115187)
00001453	68.21337891	[16984] HTTP: Read 8191 bytes (total 11123378)
00001454	68.26611328	[16984] HTTP: Read 8191 bytes (total 11131569)
00001455	68.26621246	[16984] HTTP: Read 8191 bytes (total 11139760)
00001456	68.26660156	[16984] HTTP: Read 8191 bytes (total 11147951)
00001457	68.26663971	[16984] HTTP: Read 8191 bytes (total 11156142)
00001458	68.27246094	[16984] HTTP: Read 8191 bytes (total 11164333)
00001459	68.27261353	[16984] HTTP: Read 8191 bytes (total 11172524)
00001460	68.27264404	[16984] HTTP: Read 8191 bytes (total 11180715)
00001461	68.27275848	[16984] HTTP: Read 8191 bytes (total 11188906)
00001462	68.28020477	[16984] HTTP: Read 8191 bytes (total 11197097)
00001463	68.28031158	[16984] HTTP: Read 8191 bytes (total 11205288)
00001464	68.28482819	[16984] HTTP: Read 8191 bytes (total 11213479)
00001465	68.28498077	[16984] HTTP: Read 8191 bytes (total 11221670)
00001466	68.28858185	[16984] HTTP: Read 8191 bytes (total 11229861)
00001467	68.28871918	[16984] HTTP: Read 8191 bytes (total 11238052)
00001468	68.32810211	[16984] HTTP: Read 8191 bytes (total 11246243)
00001469	68.32819366	[16984] HTTP: Read 8191 bytes (total 11254434)
00001470	68.34982300	[16984] HTTP: Read 8191 bytes (total 11262625)
00001471	68.34992981	[16984] HTTP: Read 8191 bytes (total 11270816)
00001472	68.35006714	[16984] HTTP: Read 8191 bytes (total 11279007)
00001473	68.35021973	[16984] HTTP: Read 8191 bytes (total 11287198)
00001474	68.38405609	[16984] HTTP: Read 8191 bytes (total 11295389)
00001475	68.38408661	[16984] HTTP: Read 8191 bytes (total 11303580)
00001476	68.38956451	[16984] HTTP: Read 8191 bytes (total 11311771)
00001477	68.38964844	[16984] HTTP: Read 8191 bytes (total 11319962)
00001478	68.38976288	[16984] HTTP: Read 8191 bytes (total 11328153)
00001479	68.38981628	[16984] HTTP: Read 8191 bytes (total 11336344)
00001480	68.39520264	[16984] HTTP: Read 8191 bytes (total 11344535)
00001481	68.39528656	[16984] HTTP: Read 8191 bytes (total 11352726)
00001482	68.40031433	[16984] HTTP: Read 8191 bytes (total 11360917)
00001483	68.40051270	[16984] HTTP: Read 8191 bytes (total 11369108)
00001484	68.41020203	[16984] HTTP: Read 8191 bytes (total 11377299)
00001485	68.41032410	[16984] HTTP: Read 8191 bytes (total 11385490)
00001486	68.43484497	[16984] HTTP: Read 8191 bytes (total 11393681)
00001487	68.43489838	[16984] HTTP: Read 8191 bytes (total 11401872)
00001488	68.43515778	[16984] HTTP: Read 8191 bytes (total 11410063)
00001489	68.43527985	[16984] HTTP: Read 8191 bytes (total 11418254)
00001490	68.45985413	[16984] HTTP: Read 8191 bytes (total 11426445)
00001491	68.46000671	[16984] HTTP: Read 8191 bytes (total 11434636)
00001492	68.46020508	[16984] HTTP: Read 8191 bytes (total 11442827)
00001493	68.46026611	[16984] HTTP: Read 8191 bytes (total 11451018)
00001494	68.46047211	[16984] HTTP: Read 8191 bytes (total 11459209)
00001495	68.46054077	[16984] HTTP: Read 8191 bytes (total 11467400)
00001496	68.46065521	[16984] HTTP: Read 8191 bytes (total 11475591)
00001497	68.46070862	[16984] HTTP: Read 8191 bytes (total 11483782)
00001498	68.46088409	[16984] HTTP: Read 8191 bytes (total 11491973)
00001499	68.46102905	[16984] HTTP: Read 8191 bytes (total 11500164)
00001500	68.46142578	[16984] HTTP: Read 8191 bytes (total 11508355)
00001501	68.46147156	[16984] HTTP: Read 8191 bytes (total 11516546)
00001502	68.50019836	[16984] HTTP: Read 8191 bytes (total 11524737)
00001503	68.50038147	[16984] HTTP: Read 8191 bytes (total 11532928)
00001504	68.50049591	[16984] HTTP: Read 8191 bytes (total 11541119)
00001505	68.50057220	[16984] HTTP: Read 8191 bytes (total 11549310)
00001506	68.50074768	[16984] HTTP: Read 8191 bytes (total 11557501)
00001507	68.50090790	[16984] HTTP: Read 8191 bytes (total 11565692)
00001508	68.51360321	[16984] HTTP: Read 8191 bytes (total 11573883)
00001509	68.51388550	[16984] HTTP: Read 8191 bytes (total 11582074)
00001510	68.53378296	[16984] HTTP: Read 8191 bytes (total 11590265)
00001511	68.53386688	[16984] HTTP: Read 8191 bytes (total 11598456)
00001512	68.53742981	[16984] HTTP: Read 8191 bytes (total 11606647)
00001513	68.53755188	[16984] HTTP: Read 8191 bytes (total 11614838)
00001514	68.56356049	[16984] HTTP: Read 8191 bytes (total 11623029)
00001515	68.56368256	[16984] HTTP: Read 8191 bytes (total 11631220)
00001516	68.56620789	[16984] HTTP: Read 8191 bytes (total 11639411)
00001517	68.56654358	[16984] HTTP: Read 8191 bytes (total 11647602)
00001518	68.59683990	[16984] HTTP: Read 8191 bytes (total 11655793)
00001519	68.59688568	[16984] HTTP: Read 8191 bytes (total 11663984)
00001520	68.61556244	[16984] HTTP: Read 8191 bytes (total 11672175)
00001521	68.61623383	[16984] HTTP: Read 8191 bytes (total 11680366)
00001522	68.62512970	[16984] HTTP: Read 8191 bytes (total 11688557)
00001523	68.62517548	[16984] HTTP: Read 8191 bytes (total 11696748)
00001524	68.62542725	[16984] HTTP: Read 8191 bytes (total 11704939)
00001525	68.62550354	[16984] HTTP: Read 8191 bytes (total 11713130)
00001526	68.62751007	[16984] HTTP: Read 8191 bytes (total 11721321)
00001527	68.62770081	[16984] HTTP: Read 8191 bytes (total 11729512)
00001528	68.63470459	[16984] HTTP: Read 8191 bytes (total 11737703)
00001529	68.63481903	[16984] HTTP: Read 8191 bytes (total 11745894)
00001530	68.63494873	[16984] HTTP: Read 8191 bytes (total 11754085)
00001531	68.63505554	[16984] HTTP: Read 8191 bytes (total 11762276)
00001532	68.64308929	[16984] HTTP: Read 8191 bytes (total 11770467)
00001533	68.64314270	[16984] HTTP: Read 8191 bytes (total 11778658)
00001534	68.65225983	[16984] HTTP: Read 8191 bytes (total 11786849)
00001535	68.65242767	[16984] HTTP: Read 8191 bytes (total 11795040)
00001536	68.66746521	[16984] HTTP: Read 8191 bytes (total 11803231)
00001537	68.66756439	[16984] HTTP: Read 8191 bytes (total 11811422)
00001538	68.66957855	[16984] HTTP: Read 8191 bytes (total 11819613)
00001539	68.66966248	[16984] HTTP: Read 8191 bytes (total 11827804)
00001540	68.69066620	[16984] HTTP: Read 8191 bytes (total 11835995)
00001541	68.69075775	[16984] HTTP: Read 8191 bytes (total 11844186)
00001542	68.69586182	[16984] HTTP: Read 8191 bytes (total 11852377)
00001543	68.69599915	[16984] HTTP: Read 8191 bytes (total 11860568)
00001544	68.69618225	[16984] HTTP: Read 8191 bytes (total 11868759)
00001545	68.69680786	[16984] HTTP: Read 8191 bytes (total 11876950)
00001546	68.70658875	[16984] HTTP: Read 8191 bytes (total 11885141)
00001547	68.70671082	[16984] HTTP: Read 8191 bytes (total 11893332)
00001548	68.70686340	[16984] HTTP: Read 8191 bytes (total 11901523)
00001549	68.70698547	[16984] HTTP: Read 8191 bytes (total 11909714)
00001550	68.71865082	[16984] HTTP: Read 8191 bytes (total 11917905)
00001551	68.71877289	[16984] HTTP: Read 8191 bytes (total 11926096)
00001552	68.71888733	[16984] HTTP: Read 8191 bytes (total 11934287)
00001553	68.71894073	[16984] HTTP: Read 8191 bytes (total 11942478)
00001554	68.81745148	[16984] HTTP: Read 8191 bytes (total 11950669)
00001555	68.81761169	[16984] HTTP: Read 8191 bytes (total 11958860)
00001556	68.81798553	[16984] HTTP: Read 8191 bytes (total 11967051)
00001557	68.81803894	[16984] HTTP: Read 8191 bytes (total 11975242)
00001558	68.81815338	[16984] HTTP: Read 8191 bytes (total 11983433)
00001559	68.81819916	[16984] HTTP: Read 8191 bytes (total 11991624)
00001560	68.82882690	[16984] HTTP: Read 8191 bytes (total 11999815)
00001561	68.82933807	[16984] HTTP: Read 8191 bytes (total 12008006)
00001562	68.82946014	[16984] HTTP: Read 8191 bytes (total 12016197)
00001563	68.82961273	[16984] HTTP: Read 8191 bytes (total 12024388)
00001564	68.84282684	[16984] HTTP: Read 8191 bytes (total 12032579)
00001565	68.84301758	[16984] HTTP: Read 8191 bytes (total 12040770)
00001566	68.88325500	[16984] HTTP: Read 8191 bytes (total 12048961)
00001567	68.88405609	[16984] HTTP: Read 8191 bytes (total 12057152)
00001568	68.88452911	[16984] HTTP: Read 8191 bytes (total 12073534)
00001569	68.89199066	[16984] HTTP: Read 8191 bytes (total 12081725)
00001570	68.89206696	[16984] HTTP: Read 8191 bytes (total 12089916)
00001571	68.92202759	[16984] HTTP: Read 8191 bytes (total 12098107)
00001572	68.92266846	[16984] HTTP: Read 8191 bytes (total 12106298)
00001573	68.92285156	[16984] HTTP: Read 8191 bytes (total 12114489)
00001574	68.92294312	[16984] HTTP: Read 8191 bytes (total 12122680)
00001575	68.93441010	[16984] HTTP: Read 8191 bytes (total 12130871)
00001576	68.93450165	[16984] HTTP: Read 8191 bytes (total 12139062)
00001577	68.93463135	[16984] HTTP: Read 8191 bytes (total 12147253)
00001578	68.93473053	[16984] HTTP: Read 8191 bytes (total 12155444)
00001579	68.95294952	[16984] HTTP: Read 8191 bytes (total 12163635)
00001580	68.95306396	[16984] HTTP: Read 8191 bytes (total 12171826)
00001581	68.96751404	[16984] HTTP: Read 8191 bytes (total 12180017)
00001582	68.96767426	[16984] HTTP: Read 8191 bytes (total 12188208)
00001583	68.99797821	[16984] HTTP: Read 8191 bytes (total 12196399)
00001584	68.99839783	[16984] HTTP: Read 8191 bytes (total 12204590)
00001585	68.99915314	[16984] HTTP: Read 8191 bytes (total 12212781)
00001586	68.99935913	[16984] HTTP: Read 8191 bytes (total 12220972)
00001587	68.99990082	[16984] HTTP: Read 8191 bytes (total 12229163)
00001588	68.99997711	[16984] HTTP: Read 8191 bytes (total 12237354)
00001589	69.00799561	[16984] HTTP: Read 8191 bytes (total 12245545)
00001590	69.00811005	[16984] HTTP: Read 8191 bytes (total 12253736)
00001591	69.02917480	[16984] HTTP: Read 8191 bytes (total 12261927)
00001592	69.02928925	[16984] HTTP: Read 8191 bytes (total 12270118)
00001593	69.05310059	[16984] HTTP: Read 8191 bytes (total 12278309)
00001594	69.05323792	[16984] HTTP: Read 8191 bytes (total 12286500)
00001595	69.05733490	[16984] HTTP: Read 8191 bytes (total 12294691)
00001596	69.05753326	[16984] HTTP: Read 8191 bytes (total 12302882)
00001597	69.05780029	[16984] HTTP: Read 8191 bytes (total 12311073)
00001598	69.05796051	[16984] HTTP: Read 8191 bytes (total 12319264)
00001599	69.06224060	[16984] HTTP: Read 8191 bytes (total 12327455)
00001600	69.06231689	[16984] HTTP: Read 8191 bytes (total 12335646)
00001601	69.07464600	[16984] HTTP: Read 8191 bytes (total 12343837)
00001602	69.07475281	[16984] HTTP: Read 8191 bytes (total 12352028)
00001603	69.10405731	[16984] HTTP: Read 8191 bytes (total 12360219)
00001604	69.10417175	[16984] HTTP: Read 8191 bytes (total 12368410)
00001605	69.10527802	[16984] HTTP: Read 8191 bytes (total 12376601)
00001606	69.10539246	[16984] HTTP: Read 8191 bytes (total 12384792)
00001607	69.10737610	[16984] HTTP: Read 8191 bytes (total 12392983)
00001608	69.10744476	[16984] HTTP: Read 8191 bytes (total 12401174)
00001609	69.10754395	[16984] HTTP: Read 8191 bytes (total 12409365)
00001610	69.10759735	[16984] HTTP: Read 8191 bytes (total 12417556)
00001611	69.12014771	[16984] HTTP: Read 8191 bytes (total 12425747)
00001612	69.12024689	[16984] HTTP: Read 8191 bytes (total 12433938)
00001613	69.12295532	[16984] HTTP: Read 8191 bytes (total 12442129)
00001614	69.12305450	[16984] HTTP: Read 8191 bytes (total 12450320)
00001615	69.12348175	[16984] HTTP: Read 8191 bytes (total 12458511)
00001616	69.12355042	[16984] HTTP: Read 8191 bytes (total 12466702)
00001617	69.13640594	[16984] HTTP: Read 8191 bytes (total 12474893)
00001618	69.13660431	[16984] HTTP: Read 8191 bytes (total 12483084)
00001619	69.15249634	[16984] HTTP: Read 8191 bytes (total 12491275)
00001620	69.15255737	[16984] HTTP: Read 8191 bytes (total 12499466)
00001621	69.16110992	[16984] HTTP: Read 8191 bytes (total 12507657)
00001622	69.16117096	[16984] HTTP: Read 8191 bytes (total 12515848)
00001623	69.18346405	[16984] HTTP: Read 8191 bytes (total 12524039)
00001624	69.18363190	[16984] HTTP: Read 8191 bytes (total 12532230)
00001625	69.19860840	[16984] HTTP: Read 8191 bytes (total 12540421)
00001626	69.19868469	[16984] HTTP: Read 8191 bytes (total 12548612)
00001627	69.23912048	[16984] HTTP: Read 8191 bytes (total 12556803)
00001628	69.23927307	[16984] HTTP: Read 8191 bytes (total 12564994)
00001629	69.23989105	[16984] HTTP: Read 8191 bytes (total 12573185)
00001630	69.23995972	[16984] HTTP: Read 8191 bytes (total 12581376)
00001631	69.24011230	[16984] HTTP: Read 8191 bytes (total 12589567)
00001632	69.24015808	[16984] HTTP: Read 8191 bytes (total 12597758)
00001633	69.24023438	[16984] HTTP: Read 8191 bytes (total 12605949)
00001634	69.24029541	[16984] HTTP: Read 8191 bytes (total 12614140)
00001635	69.24588013	[16984] HTTP: Read 8191 bytes (total 12622331)
00001636	69.24610138	[16984] HTTP: Read 8191 bytes (total 12630522)
00001637	69.26112366	[16984] HTTP: Read 8191 bytes (total 12638713)
00001638	69.26120758	[16984] HTTP: Read 8191 bytes (total 12646904)
00001639	69.26866913	[16984] HTTP: Read 8191 bytes (total 12655095)
00001640	69.26875305	[16984] HTTP: Read 8191 bytes (total 12663286)
00001641	69.26894379	[16984] HTTP: Read 8191 bytes (total 12671477)
00001642	69.26910400	[16984] HTTP: Read 8191 bytes (total 12679668)
00001643	69.26922607	[16984] HTTP: Read 8191 bytes (total 12687859)
00001644	69.26927185	[16984] HTTP: Read 8191 bytes (total 12696050)
00001645	69.27467346	[16984] HTTP: Read 8191 bytes (total 12704241)
00001646	69.27474213	[16984] HTTP: Read 8191 bytes (total 12712432)
00001647	69.27482605	[16984] HTTP: Read 8191 bytes (total 12720623)
00001648	69.27486420	[16984] HTTP: Read 8191 bytes (total 12728814)
00001649	69.28426361	[16984] HTTP: Read 8191 bytes (total 12737005)
00001650	69.28431702	[16984] HTTP: Read 8191 bytes (total 12745196)
00001651	69.29106140	[16984] HTTP: Read 8191 bytes (total 12753387)
00001652	69.29113007	[16984] HTTP: Read 8191 bytes (total 12761578)
00001653	69.30991364	[16984] HTTP: Read 8191 bytes (total 12769769)
00001654	69.31004333	[16984] HTTP: Read 8191 bytes (total 12777960)
00001655	69.31017303	[16984] HTTP: Read 8191 bytes (total 12786151)
00001656	69.31031036	[16984] HTTP: Read 8191 bytes (total 12794342)
00001657	69.38745117	[16984] HTTP: Read 8191 bytes (total 12802533)
00001658	69.38778687	[16984] HTTP: Read 8191 bytes (total 12810724)
00001659	69.47967529	[16984] HTTP: Read 8191 bytes (total 12818915)
00001660	69.48012543	[16984] HTTP: Read 8191 bytes (total 12827106)
00001661	69.48083496	[16984] HTTP: Read 8191 bytes (total 12835297)
00001662	69.48093414	[16984] HTTP: Read 8191 bytes (total 12843488)
00001663	69.49273682	[16984] HTTP: Read 8191 bytes (total 12851679)
00001664	69.49282837	[16984] HTTP: Read 8191 bytes (total 12859870)
00001665	69.49304962	[16984] HTTP: Read 8191 bytes (total 12868061)
00001666	69.49307251	[16984] HTTP: Read 8191 bytes (total 12876252)
00001667	69.49954224	[16984] HTTP: Read 8191 bytes (total 12884443)
00001668	69.49997711	[16984] HTTP: Read 8191 bytes (total 12892634)
00001669	69.51332092	[16984] HTTP: Read 8191 bytes (total 12900825)
00001670	69.51383209	[16984] HTTP: Read 8191 bytes (total 12909016)
00001671	69.51488495	[16984] HTTP: Read 8191 bytes (total 12917207)
00001672	69.51499176	[16984] HTTP: Read 8191 bytes (total 12925398)
00001673	69.52186584	[16984] HTTP: Read 8191 bytes (total 12933589)
00001674	69.52201843	[16984] HTTP: Read 8191 bytes (total 12941780)
00001675	69.52355957	[16984] HTTP: Read 8191 bytes (total 12949971)
00001676	69.52360535	[16984] HTTP: Read 8191 bytes (total 12958162)
00001677	69.52735138	[16984] HTTP: Read 8191 bytes (total 12966353)
00001678	69.52749634	[16984] HTTP: Read 8191 bytes (total 12974544)
00001679	69.52758789	[16984] HTTP: Read 8191 bytes (total 12982735)
00001680	69.52770996	[16984] HTTP: Read 8191 bytes (total 12990926)
00001681	69.53944397	[16984] HTTP: Read 8191 bytes (total 12999117)
00001682	69.53951263	[16984] HTTP: Read 8191 bytes (total 13007308)
00001683	69.54152679	[16984] HTTP: Read 8191 bytes (total 13015499)
00001684	69.54159546	[16984] HTTP: Read 8191 bytes (total 13023690)
00001685	69.55385590	[16984] HTTP: Read 8191 bytes (total 13031881)
00001686	69.55393982	[16984] HTTP: Read 8191 bytes (total 13040072)
00001687	69.55463409	[16984] HTTP: Read 8191 bytes (total 13048263)
00001688	69.55474854	[16984] HTTP: Read 8191 bytes (total 13056454)
00001689	69.55481720	[16984] HTTP: Read 8191 bytes (total 13064645)
00001690	69.55490112	[16984] HTTP: Read 8191 bytes (total 13072836)
00001691	69.55677795	[16984] HTTP: Read 8191 bytes (total 13081027)
00001692	69.55683899	[16984] HTTP: Read 8191 bytes (total 13089218)
00001693	69.57099915	[16984] HTTP: Read 8191 bytes (total 13097409)
00001694	69.57111359	[16984] HTTP: Read 8191 bytes (total 13105600)
00001695	69.70271301	[16984] HTTP: Read 8191 bytes (total 13113791)
00001696	69.70291138	[16984] HTTP: Read 8191 bytes (total 13121982)
00001697	69.70314026	[16984] HTTP: Read 8191 bytes (total 13130173)
00001698	69.70325470	[16984] HTTP: Read 8191 bytes (total 13138364)
00001699	69.70440674	[16984] HTTP: Read 8191 bytes (total 13146555)
00001700	69.70444489	[16984] HTTP: Read 8191 bytes (total 13154746)
00001701	69.70973206	[16984] HTTP: Read 8191 bytes (total 13162937)
00001702	69.71022797	[16984] HTTP: Read 8191 bytes (total 13171128)
00001703	69.72559357	[16984] HTTP: Read 8191 bytes (total 13179319)
00001704	69.72571564	[16984] HTTP: Read 8191 bytes (total 13187510)
00001705	69.76683807	[16984] HTTP: Read 8191 bytes (total 13195701)
00001706	69.76699829	[16984] HTTP: Read 8191 bytes (total 13203892)
00001707	69.76713562	[16984] HTTP: Read 8191 bytes (total 13212083)
00001708	69.76719666	[16984] HTTP: Read 8191 bytes (total 13220274)
00001709	69.76728821	[16984] HTTP: Read 8191 bytes (total 13228465)
00001710	69.76744843	[16984] HTTP: Read 8191 bytes (total 13236656)
00001711	69.77124786	[16984] HTTP: Read 8191 bytes (total 13244847)
00001712	69.77130127	[16984] HTTP: Read 8191 bytes (total 13253038)
00001713	69.78620148	[16984] HTTP: Read 8191 bytes (total 13261229)
00001714	69.78624725	[16984] HTTP: Read 8191 bytes (total 13269420)
00001715	69.82947540	[16984] HTTP: Read 8191 bytes (total 13277611)
00001716	69.82952118	[16984] HTTP: Read 8191 bytes (total 13285802)
00001717	69.83332062	[16984] HTTP: Read 8191 bytes (total 13293993)
00001718	69.83339691	[16984] HTTP: Read 8191 bytes (total 13302184)
00001719	69.83355713	[16984] HTTP: Read 8191 bytes (total 13310375)
00001720	69.83370209	[16984] HTTP: Read 8191 bytes (total 13318566)
00001721	69.83671570	[16984] HTTP: Read 8191 bytes (total 13326757)
00001722	69.83683777	[16984] HTTP: Read 8191 bytes (total 13334948)
00001723	69.83701324	[16984] HTTP: Read 8191 bytes (total 13343139)
00001724	69.83715057	[16984] HTTP: Read 8191 bytes (total 13351330)
00001725	69.84856415	[16984] HTTP: Read 8191 bytes (total 13359521)
00001726	69.84867096	[16984] HTTP: Read 8191 bytes (total 13367712)
00001727	69.84946442	[16984] HTTP: Read 8191 bytes (total 13375903)
00001728	69.84951782	[16984] HTTP: Read 8191 bytes (total 13384094)
00001729	69.89231873	[16984] HTTP: Read 8191 bytes (total 13392285)
00001730	69.89237976	[16984] HTTP: Read 8191 bytes (total 13400476)
00001731	69.89244080	[16984] HTTP: Read 8191 bytes (total 13408667)
00001732	69.89247131	[16984] HTTP: Read 8191 bytes (total 13416858)
00001733	69.89453125	[16984] HTTP: Read 8191 bytes (total 13425049)
00001734	69.89462280	[16984] HTTP: Read 8191 bytes (total 13433240)
00001736	70.00947571	[16984] HTTP: Read 8191 bytes (total 13441431)
00001737	70.00967407	[16984] HTTP: Read 8191 bytes (total 13449622)
00001738	70.00978851	[16984] HTTP: Read 8191 bytes (total 13457813)
00001739	70.00998688	[16984] HTTP: Read 8191 bytes (total 13466004)
00001740	70.01358032	[16984] HTTP: Read 8191 bytes (total 13474195)
00001741	70.01366425	[16984] HTTP: Read 8191 bytes (total 13482386)
00001742	70.01785278	[16984] HTTP: Read 8191 bytes (total 13490577)
00001743	70.01795959	[16984] HTTP: Read 8191 bytes (total 13498768)
00001744	70.04971313	[16984] HTTP: Read 8191 bytes (total 13506959)
00001745	70.04987335	[16984] HTTP: Read 8191 bytes (total 13515150)
00001746	70.11184692	[16984] HTTP: Read 8191 bytes (total 13523341)
00001747	70.11934662	[16984] HTTP: Read 8191 bytes (total 13531532)
00001748	70.24731445	[16984] HTTP: Read 8191 bytes (total 13539723)
00001749	70.24735260	[16984] HTTP: Read 8191 bytes (total 13547914)
00001750	70.24752045	[16984] HTTP: Read 8191 bytes (total 13556105)
00001751	70.24766541	[16984] HTTP: Read 8191 bytes (total 13564296)
00001752	70.24772644	[16984] HTTP: Read 8191 bytes (total 13572487)
00001753	70.24776459	[16984] HTTP: Read 8191 bytes (total 13580678)
00001754	70.24844360	[16984] HTTP: Read 8191 bytes (total 13588869)
00001755	70.24853516	[16984] HTTP: Read 8191 bytes (total 13597060)
00001756	70.25630188	[16984] HTTP: Read 8191 bytes (total 13605251)
00001757	70.25639343	[16984] HTTP: Read 8191 bytes (total 13613442)
00001758	70.26747894	[16984] HTTP: Read 8191 bytes (total 13621633)
00001759	70.26754761	[16984] HTTP: Read 8191 bytes (total 13629824)
00001760	70.27532959	[16984] HTTP: Read 8191 bytes (total 13638015)
00001761	70.27541351	[16984] HTTP: Read 8191 bytes (total 13646206)
00001762	70.27552795	[16984] HTTP: Read 8191 bytes (total 13654397)
00001763	70.27556610	[16984] HTTP: Read 8191 bytes (total 13662588)
00001764	70.28359985	[16984] HTTP: Read 8191 bytes (total 13670779)
00001765	70.28366089	[16984] HTTP: Read 8191 bytes (total 13678970)
00001766	70.30477142	[16984] HTTP: Read 8191 bytes (total 13687161)
00001767	70.30493164	[16984] HTTP: Read 8191 bytes (total 13695352)
00001768	70.37493896	[16984] HTTP: Read 8191 bytes (total 13703543)
00001769	70.37504578	[16984] HTTP: Read 8191 bytes (total 13711734)
00001770	70.41956329	[16984] HTTP: Read 8191 bytes (total 13719925)
00001771	70.41963196	[16984] HTTP: Read 8191 bytes (total 13728116)
00001772	70.50576782	[16984] HTTP: Read 8191 bytes (total 13736307)
00001773	70.50579071	[16984] HTTP: Read 8191 bytes (total 13744498)
00001774	70.50594330	[16984] HTTP: Read 8191 bytes (total 13752689)
00001775	70.50628662	[16984] HTTP: Read 8191 bytes (total 13760880)
00001776	70.50643921	[16984] HTTP: Read 8191 bytes (total 13769071)
00001777	70.50653076	[16984] HTTP: Read 8191 bytes (total 13777262)
00001778	70.50666046	[16984] HTTP: Read 8191 bytes (total 13785453)
00001779	70.50672913	[16984] HTTP: Read 8191 bytes (total 13793644)
00001780	70.50694275	[16984] HTTP: Read 8191 bytes (total 13801835)
00001781	70.50701141	[16984] HTTP: Read 8191 bytes (total 13810026)
00001782	70.51443481	[16984] HTTP: Read 8191 bytes (total 13818217)
00001783	70.51509094	[16984] HTTP: Read 8191 bytes (total 13826408)
00001784	70.54750824	[16984] HTTP: Read 8191 bytes (total 13834599)
00001785	70.54769135	[16984] HTTP: Read 8191 bytes (total 13842790)
00001786	70.55282593	[16984] HTTP: Read 8191 bytes (total 13850981)
00001787	70.55291748	[16984] HTTP: Read 8191 bytes (total 13859172)
00001788	70.56079865	[16984] HTTP: Read 8191 bytes (total 13867363)
00001789	70.56095886	[16984] HTTP: Read 8191 bytes (total 13875554)
00001790	70.61821747	[16984] HTTP: Read 8191 bytes (total 13883745)
00001791	70.61830139	[16984] HTTP: Read 8191 bytes (total 13891936)
00001792	70.61849213	[16984] HTTP: Read 8191 bytes (total 13900127)
00001793	70.61907959	[16984] HTTP: Read 8191 bytes (total 13908318)
00001794	70.65241241	[16984] HTTP: Read 8191 bytes (total 13916509)
00001795	70.65254974	[16984] HTTP: Read 8191 bytes (total 13924700)
00001796	70.66754913	[16984] HTTP: Read 8191 bytes (total 13932891)
00001797	70.66819763	[16984] HTTP: Read 8191 bytes (total 13941082)
00001798	70.69363403	[16984] HTTP: Read 8191 bytes (total 13949273)
00001799	70.69371796	[16984] HTTP: Read 8191 bytes (total 13957464)
00001800	70.69400024	[16984] HTTP: Read 8191 bytes (total 13965655)
00001801	70.69406891	[16984] HTTP: Read 8191 bytes (total 13973846)
00001802	70.69955444	[16984] HTTP: Read 8191 bytes (total 13982037)
00001803	70.69983673	[16984] HTTP: Read 8191 bytes (total 13990228)
00001804	70.74467468	[16984] HTTP: Read 8191 bytes (total 13998419)
00001805	70.74478912	[16984] HTTP: Read 8191 bytes (total 14006610)
00001806	70.75166321	[16984] HTTP: Read 8191 bytes (total 14014801)
00001807	70.75218964	[16984] HTTP: Read 8191 bytes (total 14022992)
00001808	70.77176666	[16984] HTTP: Read 8191 bytes (total 14031183)
00001809	70.77184296	[16984] HTTP: Read 8191 bytes (total 14039374)
00001810	70.77532196	[16984] HTTP: Read 8191 bytes (total 14047565)
00001811	70.77542114	[16984] HTTP: Read 8191 bytes (total 14055756)
00001812	70.77558136	[16984] HTTP: Read 8191 bytes (total 14063947)
00001813	70.77564240	[16984] HTTP: Read 8191 bytes (total 14072138)
00001814	70.80243683	[16984] HTTP: Read 8191 bytes (total 14080329)
00001815	70.80260468	[16984] HTTP: Read 8191 bytes (total 14088520)
00001816	70.80278778	[16984] HTTP: Read 8191 bytes (total 14096711)
00001817	70.80294037	[16984] HTTP: Read 8191 bytes (total 14104902)
00001818	70.80307007	[16984] HTTP: Read 8191 bytes (total 14113093)
00001819	70.80320740	[16984] HTTP: Read 8191 bytes (total 14121284)
00001820	70.81463623	[16984] HTTP: Read 8191 bytes (total 14129475)
00001821	70.81468201	[16984] HTTP: Read 8191 bytes (total 14137666)
00001822	70.85731506	[16984] HTTP: Read 8191 bytes (total 14145857)
00001823	70.85738373	[16984] HTTP: Read 8191 bytes (total 14154048)
00001824	70.85745239	[16984] HTTP: Read 8191 bytes (total 14162239)
00001825	70.85749054	[16984] HTTP: Read 8191 bytes (total 14170430)
00001826	70.87784576	[16984] HTTP: Read 8191 bytes (total 14178621)
00001827	70.87786102	[16984] HTTP: Read 8191 bytes (total 14186812)
00001828	70.91415405	[16984] HTTP: Read 8191 bytes (total 14195003)
00001829	70.91433716	[16984] HTTP: Read 8191 bytes (total 14203194)
00001830	70.91545105	[16984] HTTP: Read 8191 bytes (total 14211385)
00001831	70.91548920	[16984] HTTP: Read 8191 bytes (total 14219576)
00001832	70.91569519	[16984] HTTP: Read 8191 bytes (total 14227767)
00001833	70.91576385	[16984] HTTP: Read 8191 bytes (total 14235958)
00001834	70.93106842	[16984] HTTP: Read 8191 bytes (total 14244149)
00001835	70.93126678	[16984] HTTP: Read 8191 bytes (total 14252340)
00001836	70.94622040	[16984] HTTP: Read 8191 bytes (total 14260531)
00001837	70.94638062	[16984] HTTP: Read 8191 bytes (total 14268722)
00001838	70.94664764	[16984] HTTP: Read 8191 bytes (total 14276913)
00001839	70.94671631	[16984] HTTP: Read 8191 bytes (total 14285104)
00001840	70.94817352	[16984] HTTP: Read 8191 bytes (total 14293295)
00001841	70.94828033	[16984] HTTP: Read 8191 bytes (total 14301486)
00001842	70.96150970	[16984] HTTP: Read 8191 bytes (total 14309677)
00001843	70.96160126	[16984] HTTP: Read 8191 bytes (total 14317868)
00001844	70.99131012	[16984] HTTP: Read 8191 bytes (total 14326059)
00001845	70.99152374	[16984] HTTP: Read 8191 bytes (total 14334250)
00001846	71.01023102	[16984] HTTP: Read 8191 bytes (total 14342441)
00001847	71.01038361	[16984] HTTP: Read 8191 bytes (total 14350632)
00001848	71.01058960	[16984] HTTP: Read 8191 bytes (total 14358823)
00001849	71.01064301	[16984] HTTP: Read 8191 bytes (total 14367014)
00001850	71.06217194	[16984] HTTP: Read 8191 bytes (total 14375205)
00001851	71.06233978	[16984] HTTP: Read 8191 bytes (total 14383396)
00001852	71.06246185	[16984] HTTP: Read 8191 bytes (total 14391587)
00001853	71.06253815	[16984] HTTP: Read 8191 bytes (total 14399778)
00001854	71.06306458	[16984] HTTP: Read 8191 bytes (total 14407969)
00001855	71.06321716	[16984] HTTP: Read 8191 bytes (total 14416160)
00001856	71.06385803	[16984] HTTP: Read 8191 bytes (total 14424351)
00001857	71.06391907	[16984] HTTP: Read 8191 bytes (total 14432542)
00001858	71.06749725	[16984] HTTP: Read 8191 bytes (total 14440733)
00001859	71.06755829	[16984] HTTP: Read 8191 bytes (total 14448924)
00001860	71.06775665	[16984] HTTP: Read 8191 bytes (total 14457115)
00001861	71.06778717	[16984] HTTP: Read 8191 bytes (total 14465306)
00001862	71.12010193	[16984] HTTP: Read 8191 bytes (total 14473497)
00001863	71.12023926	[16984] HTTP: Read 8191 bytes (total 14481688)
00001864	71.13515472	[16984] HTTP: Read 8191 bytes (total 14489879)
00001865	71.13525391	[16984] HTTP: Read 8191 bytes (total 14498070)
00001866	71.13674927	[16984] HTTP: Read 8191 bytes (total 14506261)
00001867	71.13678741	[16984] HTTP: Read 8191 bytes (total 14514452)
00001868	71.13684082	[16984] HTTP: Read 8191 bytes (total 14522643)
00001869	71.13687134	[16984] HTTP: Read 8191 bytes (total 14530834)
00001870	71.15862274	[16984] HTTP: Read 8191 bytes (total 14539025)
00001871	71.15873718	[16984] HTTP: Read 8191 bytes (total 14547216)
00001872	71.18531799	[16984] HTTP: Read 8191 bytes (total 14555407)
00001873	71.18547821	[16984] HTTP: Read 8191 bytes (total 14563598)
00001874	71.18565369	[16984] HTTP: Read 8191 bytes (total 14571789)
00001875	71.18577576	[16984] HTTP: Read 8191 bytes (total 14579980)
00001876	71.21601105	[16984] HTTP: Read 8191 bytes (total 14588171)
00001877	71.21608734	[16984] HTTP: Read 8191 bytes (total 14596362)
00001878	71.21902466	[16984] HTTP: Read 8191 bytes (total 14604553)
00001879	71.21915436	[16984] HTTP: Read 8191 bytes (total 14612744)
00001880	71.23451233	[16984] HTTP: Read 8191 bytes (total 14620935)
00001881	71.23463440	[16984] HTTP: Read 8191 bytes (total 14629126)
00001882	71.28038025	[16984] HTTP: Read 8191 bytes (total 14637317)
00001883	71.28050995	[16984] HTTP: Read 8191 bytes (total 14645508)
00001884	71.30977631	[16984] HTTP: Read 8191 bytes (total 14653699)
00001885	71.30987549	[16984] HTTP: Read 8191 bytes (total 14661890)
00001886	71.30998230	[16984] HTTP: Read 8191 bytes (total 14670081)
00001887	71.31006622	[16984] HTTP: Read 8191 bytes (total 14678272)
00001888	71.34201050	[16984] HTTP: Read 8191 bytes (total 14686463)
00001889	71.34215546	[16984] HTTP: Read 8191 bytes (total 14694654)
00001890	71.35675812	[16984] HTTP: Read 8191 bytes (total 14702845)
00001891	71.35690308	[16984] HTTP: Read 8191 bytes (total 14711036)
00001892	71.38591003	[16984] HTTP: Read 8191 bytes (total 14719227)
00001893	71.38623047	[16984] HTTP: Read 8191 bytes (total 14727418)
00001894	71.38623810	[16984] HTTP: Read 8191 bytes (total 14735609)
00001895	71.38630676	[16984] HTTP: Read 8191 bytes (total 14743800)
00001896	71.38732910	[16984] HTTP: Read 8191 bytes (total 14751991)
00001897	71.38739014	[16984] HTTP: Read 8191 bytes (total 14760182)
00001898	71.40224457	[16984] HTTP: Read 8191 bytes (total 14768373)
00001899	71.40234375	[16984] HTTP: Read 8191 bytes (total 14776564)
00001900	71.44013214	[16984] HTTP: Read 8191 bytes (total 14784755)
00001901	71.44028473	[16984] HTTP: Read 8191 bytes (total 14792946)
00001902	71.44046783	[16984] HTTP: Read 8191 bytes (total 14801137)
00001903	71.44052124	[16984] HTTP: Read 8191 bytes (total 14809328)
00001904	71.46293640	[16984] HTTP: Read 8191 bytes (total 14817519)
00001905	71.46301270	[16984] HTTP: Read 8191 bytes (total 14825710)
00001906	71.48521423	[16984] HTTP: Read 8191 bytes (total 14833901)
00001907	71.48535156	[16984] HTTP: Read 8191 bytes (total 14842092)
00001908	71.48549652	[16984] HTTP: Read 8191 bytes (total 14850283)
00001909	71.48553467	[16984] HTTP: Read 8191 bytes (total 14858474)
00001910	71.48576355	[16984] HTTP: Read 8191 bytes (total 14866665)
00001911	71.48579407	[16984] HTTP: Read 8191 bytes (total 14874856)
00001912	71.49434662	[16984] HTTP: Read 8191 bytes (total 14883047)
00001913	71.49440765	[16984] HTTP: Read 8191 bytes (total 14891238)
00001914	71.51071167	[16984] HTTP: Read 8191 bytes (total 14899429)
00001915	71.51086426	[16984] HTTP: Read 8191 bytes (total 14907620)
00001916	71.52675629	[16984] HTTP: Read 8191 bytes (total 14915811)
00001917	71.52687836	[16984] HTTP: Read 8191 bytes (total 14924002)
00001918	71.53699493	[16984] HTTP: Read 8191 bytes (total 14932193)
00001919	71.53713989	[16984] HTTP: Read 8191 bytes (total 14940384)
00001920	71.53730774	[16984] HTTP: Read 8191 bytes (total 14948575)
00001921	71.53741455	[16984] HTTP: Read 8191 bytes (total 14956766)
00001922	71.53827667	[16984] HTTP: Read 8191 bytes (total 14964957)
00001923	71.53842926	[16984] HTTP: Read 8191 bytes (total 14973148)
00001924	71.54213715	[16984] HTTP: Read 8191 bytes (total 14981339)
00001925	71.54227448	[16984] HTTP: Read 8191 bytes (total 14989530)
00001926	71.55431366	[16984] HTTP: Read 8191 bytes (total 14997721)
00001927	71.55435181	[16984] HTTP: Read 8191 bytes (total 15005912)
00001928	71.55443573	[16984] HTTP: Read 8191 bytes (total 15014103)
00001929	71.55446625	[16984] HTTP: Read 8191 bytes (total 15022294)
00001930	71.55452728	[16984] HTTP: Read 8191 bytes (total 15030485)
00001931	71.55455780	[16984] HTTP: Read 8191 bytes (total 15038676)
00001932	71.56661987	[16984] HTTP: Read 8191 bytes (total 15046867)
00001933	71.56667328	[16984] HTTP: Read 8191 bytes (total 15055058)
00001934	71.57230377	[16984] HTTP: Read 8191 bytes (total 15063249)
00001935	71.57237244	[16984] HTTP: Read 8191 bytes (total 15071440)
00001936	71.59380341	[16984] HTTP: Read 8191 bytes (total 15079631)
00001937	71.59385681	[16984] HTTP: Read 8191 bytes (total 15087822)
00001938	71.60385132	[16984] HTTP: Read 8191 bytes (total 15096013)
00001939	71.60395050	[16984] HTTP: Read 8191 bytes (total 15104204)
00001940	71.61940765	[16984] HTTP: Read 8191 bytes (total 15112395)
00001941	71.61959839	[16984] HTTP: Read 8191 bytes (total 15120586)
00001942	71.61974335	[16984] HTTP: Read 8191 bytes (total 15128777)
00001943	71.61979675	[16984] HTTP: Read 8191 bytes (total 15136968)
00001944	71.63577271	[16984] HTTP: Read 8191 bytes (total 15145159)
00001945	71.63591766	[16984] HTTP: Read 8191 bytes (total 15153350)
00001946	71.71266937	[16984] HTTP: Read 8191 bytes (total 15161541)
00001947	71.71306610	[16984] HTTP: Read 8191 bytes (total 15169732)
00001948	71.71325684	[16984] HTTP: Read 8191 bytes (total 15177923)
00001949	71.71335602	[16984] HTTP: Read 8191 bytes (total 15186114)
00001950	71.71339417	[16984] HTTP: Read 8191 bytes (total 15194305)
00001951	71.71346283	[16984] HTTP: Read 8191 bytes (total 15202496)
00001952	71.72717285	[16984] HTTP: Read 8191 bytes (total 15210687)
00001953	71.72734833	[16984] HTTP: Read 8191 bytes (total 15218878)
00001954	71.72754669	[16984] HTTP: Read 8191 bytes (total 15227069)
00001955	71.72766113	[16984] HTTP: Read 8191 bytes (total 15235260)
00001956	71.72840118	[16984] HTTP: Read 8191 bytes (total 15243451)
00001957	71.72846222	[16984] HTTP: Read 8191 bytes (total 15251642)
00001958	71.73943329	[16984] HTTP: Read 8191 bytes (total 15259833)
00001959	71.73957062	[16984] HTTP: Read 8191 bytes (total 15268024)
00001960	71.73968506	[16984] HTTP: Read 8191 bytes (total 15276215)
00001961	71.73982239	[16984] HTTP: Read 8191 bytes (total 15284406)
00001962	71.73995972	[16984] HTTP: Read 8191 bytes (total 15292597)
00001963	71.74010468	[16984] HTTP: Read 8191 bytes (total 15300788)
00001964	71.75614166	[16984] HTTP: Read 8191 bytes (total 15308979)
00001965	71.75625610	[16984] HTTP: Read 8191 bytes (total 15317170)
00001966	71.75637817	[16984] HTTP: Read 8191 bytes (total 15325361)
00001967	71.75655365	[16984] HTTP: Read 8191 bytes (total 15333552)
00001968	71.75923920	[16984] HTTP: Read 8191 bytes (total 15341743)
00001969	71.75938416	[16984] HTTP: Read 8191 bytes (total 15349934)
00001970	71.75956726	[16984] HTTP: Read 8191 bytes (total 15358125)
00001971	71.75965881	[16984] HTTP: Read 8191 bytes (total 15366316)
00001972	71.76230621	[16984] HTTP: Read 8191 bytes (total 15374507)
00001973	71.76235199	[16984] HTTP: Read 8191 bytes (total 15382698)
00001974	71.76248169	[16984] HTTP: Read 8191 bytes (total 15390889)
00001975	71.76256561	[16984] HTTP: Read 8191 bytes (total 15399080)
00001976	71.78977203	[16984] HTTP: Read 8191 bytes (total 15407271)
00001977	71.78983307	[16984] HTTP: Read 8191 bytes (total 15415462)
00001978	71.79424286	[16984] HTTP: Read 8191 bytes (total 15423653)
00001979	71.79433441	[16984] HTTP: Read 8191 bytes (total 15431844)
00001980	71.79452515	[16984] HTTP: Read 8191 bytes (total 15440035)
00001981	71.79470062	[16984] HTTP: Read 8191 bytes (total 15448226)
00001982	71.79478455	[16984] HTTP: Read 8191 bytes (total 15456417)
00001983	71.79492188	[16984] HTTP: Read 8191 bytes (total 15464608)
00001984	71.80615234	[16984] HTTP: Read 8191 bytes (total 15472799)
00001985	71.80634308	[16984] HTTP: Read 8191 bytes (total 15480990)
00001986	71.80645752	[16984] HTTP: Read 8191 bytes (total 15489181)
00001987	71.80657196	[16984] HTTP: Read 8191 bytes (total 15497372)
00001988	71.81371307	[16984] HTTP: Read 8191 bytes (total 15505563)
00001989	71.81396484	[16984] HTTP: Read 8191 bytes (total 15513754)
00001990	71.82130432	[16984] HTTP: Read 8191 bytes (total 15521945)
00001991	71.82143402	[16984] HTTP: Read 8191 bytes (total 15530136)
00001992	71.83479309	[16984] HTTP: Read 8191 bytes (total 15538327)
00001993	71.83495331	[16984] HTTP: Read 8191 bytes (total 15546518)
00001994	71.83516693	[16984] HTTP: Read 8191 bytes (total 15554709)
00001995	71.83531189	[16984] HTTP: Read 8191 bytes (total 15562900)
00001996	71.83549500	[16984] HTTP: Read 8191 bytes (total 15571091)
00001997	71.83560181	[16984] HTTP: Read 8191 bytes (total 15579282)
00001998	71.85083771	[16984] HTTP: Read 8191 bytes (total 15587473)
00001999	71.85092163	[16984] HTTP: Read 8191 bytes (total 15595664)
00002000	71.86219788	[16984] HTTP: Read 8191 bytes (total 15603855)
00002001	71.86242676	[16984] HTTP: Read 8191 bytes (total 15612046)
00002002	71.88698578	[16984] HTTP: Read 8191 bytes (total 15628428)
00002003	71.88700104	[16984] HTTP: Read 8191 bytes (total 15628428)
00002004	71.88703156	[16984] HTTP: Read 8191 bytes (total 15636619)
00002005	71.88709259	[16984] HTTP: Read 8191 bytes (total 15644810)
00002006	71.89194489	[16984] HTTP: Read 8191 bytes (total 15653001)
00002007	71.89199066	[16984] HTTP: Read 8191 bytes (total 15661192)
00002008	71.89242554	[16984] HTTP: Read 8191 bytes (total 15669383)
00002009	71.89246368	[16984] HTTP: Read 8191 bytes (total 15677574)
00002010	71.89707184	[16984] HTTP: Read 8191 bytes (total 15685765)
00002011	71.89710236	[16984] HTTP: Read 8191 bytes (total 15693956)
00002012	71.91347504	[16984] HTTP: Read 8191 bytes (total 15702147)
00002013	71.91358185	[16984] HTTP: Read 8191 bytes (total 15710338)
00002014	71.95413971	[16984] HTTP: Read 8191 bytes (total 15718529)
00002015	71.95439148	[16984] HTTP: Read 8191 bytes (total 15726720)
00002016	71.95453644	[16984] HTTP: Read 8191 bytes (total 15734911)
00002017	71.95466614	[16984] HTTP: Read 8191 bytes (total 15743102)
00002018	71.96003723	[16984] HTTP: Read 8191 bytes (total 15751293)
00002019	71.96029663	[16984] HTTP: Read 8191 bytes (total 15759484)
00002020	71.96038055	[16984] HTTP: Read 8191 bytes (total 15767675)
00002021	71.96044159	[16984] HTTP: Read 8191 bytes (total 15775866)
00002022	71.96053314	[16984] HTTP: Read 8191 bytes (total 15784057)
00002023	71.96114349	[16984] HTTP: Read 8191 bytes (total 15792248)
00002024	71.97557068	[16984] HTTP: Read 8191 bytes (total 15800439)
00002025	71.97565460	[16984] HTTP: Read 8191 bytes (total 15808630)
00002026	72.03009033	[16984] HTTP: Read 8191 bytes (total 15816821)
00002027	72.03028107	[16984] HTTP: Read 8191 bytes (total 15825012)
00002028	72.03049469	[16984] HTTP: Read 8191 bytes (total 15833203)
00002029	72.03065491	[16984] HTTP: Read 8191 bytes (total 15841394)
00002030	72.03289032	[16984] HTTP: Read 8191 bytes (total 15849585)
00002031	72.03293610	[16984] HTTP: Read 8191 bytes (total 15857776)
00002032	72.03299713	[16984] HTTP: Read 8191 bytes (total 15865967)
00002033	72.03304291	[16984] HTTP: Read 8191 bytes (total 15874158)
00002034	72.03310394	[16984] HTTP: Read 8191 bytes (total 15882349)
00002035	72.03314209	[16984] HTTP: Read 8191 bytes (total 15890540)
00002036	72.05355072	[16984] HTTP: Read 8191 bytes (total 15898731)
00002037	72.05358887	[16984] HTTP: Read 8191 bytes (total 15906922)
00002038	72.07773590	[16984] HTTP: Read 8191 bytes (total 15915113)
00002039	72.07790375	[16984] HTTP: Read 8191 bytes (total 15923304)
00002040	72.07810974	[16984] HTTP: Read 8191 bytes (total 15931495)
00002041	72.07826996	[16984] HTTP: Read 8191 bytes (total 15939686)
00002042	72.07838440	[16984] HTTP: Read 8191 bytes (total 15947877)
00002043	72.07855988	[16984] HTTP: Read 8191 bytes (total 15956068)
00002044	72.08457947	[16984] HTTP: Read 8191 bytes (total 15964259)
00002045	72.08472443	[16984] HTTP: Read 8191 bytes (total 15972450)
00002046	72.13167572	[16984] HTTP: Read 8191 bytes (total 15980641)
00002047	72.13185120	[16984] HTTP: Read 8191 bytes (total 15988832)
00002048	72.16271973	[16984] HTTP: Read 8191 bytes (total 15997023)
00002049	72.16281891	[16984] HTTP: Read 8191 bytes (total 16005214)
00002050	72.16307831	[16984] HTTP: Read 8191 bytes (total 16013405)
00002051	72.16310120	[16984] HTTP: Read 8191 bytes (total 16021596)
00002052	72.17720795	[16984] HTTP: Read 8191 bytes (total 16029787)
00002053	72.17734528	[16984] HTTP: Read 8191 bytes (total 16037978)
00002054	72.18962860	[16984] HTTP: Read 8191 bytes (total 16046169)
00002055	72.18972778	[16984] HTTP: Read 8191 bytes (total 16054360)
00002056	72.18982697	[16984] HTTP: Read 8191 bytes (total 16062551)
00002057	72.18989563	[16984] HTTP: Read 8191 bytes (total 16070742)
00002058	72.19113159	[16984] HTTP: Read 8191 bytes (total 16078933)
00002059	72.19123077	[16984] HTTP: Read 8191 bytes (total 16087124)
00002060	72.20741272	[16984] HTTP: Read 8191 bytes (total 16095315)
00002061	72.20745850	[16984] HTTP: Read 8191 bytes (total 16103506)
00002062	72.21397400	[16984] HTTP: Read 8191 bytes (total 16111697)
00002063	72.21407318	[16984] HTTP: Read 8191 bytes (total 16119888)
00002064	72.22306824	[16984] HTTP: Read 8191 bytes (total 16128079)
00002065	72.22315216	[16984] HTTP: Read 8191 bytes (total 16136270)
00002066	72.23950958	[16984] HTTP: Read 8191 bytes (total 16144461)
00002067	72.23963928	[16984] HTTP: Read 8191 bytes (total 16152652)
00002068	72.23992157	[16984] HTTP: Read 8191 bytes (total 16160843)
00002069	72.24007416	[16984] HTTP: Read 8191 bytes (total 16169034)
00002070	72.25353241	[16984] HTTP: Read 8191 bytes (total 16177225)
00002071	72.25384521	[16984] HTTP: Read 8191 bytes (total 16185416)
00002072	72.25971222	[16984] HTTP: Read 8191 bytes (total 16193607)
00002073	72.25978851	[16984] HTTP: Read 8191 bytes (total 16201798)
00002074	72.32476807	[16984] HTTP: Read 8191 bytes (total 16209989)
00002075	72.32498169	[16984] HTTP: Read 8191 bytes (total 16218180)
00002076	72.32510376	[16984] HTTP: Read 8191 bytes (total 16226371)
00002077	72.32524109	[16984] HTTP: Read 8191 bytes (total 16234562)
00002078	72.33152008	[16984] HTTP: Read 8191 bytes (total 16242753)
00002079	72.33164978	[16984] HTTP: Read 8191 bytes (total 16250944)
00002080	72.34722900	[16984] HTTP: Read 8191 bytes (total 16259135)
00002081	72.34728241	[16984] HTTP: Read 8191 bytes (total 16267326)
00002082	72.37842560	[16984] HTTP: Read 8191 bytes (total 16275517)
00002083	72.37843323	[16984] HTTP: Read 8191 bytes (total 16283708)
00002084	72.37860107	[16984] HTTP: Read 8191 bytes (total 16291899)
00002085	72.37866211	[16984] HTTP: Read 8191 bytes (total 16300090)
00002086	72.40072632	[16984] HTTP: Read 8191 bytes (total 16308281)
00002087	72.40092468	[16984] HTTP: Read 8191 bytes (total 16316472)
00002088	72.40114594	[16984] HTTP: Read 8191 bytes (total 16324663)
00002089	72.40119171	[16984] HTTP: Read 8191 bytes (total 16332854)
00002090	72.40130615	[16984] HTTP: Read 8191 bytes (total 16341045)
00002091	72.40138245	[16984] HTTP: Read 8191 bytes (total 16349236)
00002092	72.43876648	[16984] HTTP: Read 8191 bytes (total 16357427)
00002093	72.43884277	[16984] HTTP: Read 8191 bytes (total 16365618)
00002094	72.43892670	[16984] HTTP: Read 8191 bytes (total 16373809)
00002095	72.43896484	[16984] HTTP: Read 8191 bytes (total 16382000)
00002096	72.44318390	[16984] HTTP: Read 8191 bytes (total 16390191)
00002097	72.44328308	[16984] HTTP: Read 8191 bytes (total 16398382)
00002098	72.44977570	[16984] HTTP: Read 8191 bytes (total 16406573)
00002099	72.44983673	[16984] HTTP: Read 8191 bytes (total 16414764)
00002100	72.45015717	[16984] HTTP: Read 8191 bytes (total 16422955)
00002101	72.45019531	[16984] HTTP: Read 8191 bytes (total 16431146)
00002102	72.46825409	[16984] HTTP: Read 8191 bytes (total 16439337)
00002103	72.46831512	[16984] HTTP: Read 8191 bytes (total 16447528)
00002104	72.53559113	[16984] HTTP: Read 8191 bytes (total 16455719)
00002105	72.53575134	[16984] HTTP: Read 8191 bytes (total 16463910)
00002106	72.53584290	[16984] HTTP: Read 8191 bytes (total 16472101)
00002107	72.53594971	[16984] HTTP: Read 8191 bytes (total 16480292)
00002108	72.53936768	[16984] HTTP: Read 8191 bytes (total 16488483)
00002109	72.53949738	[16984] HTTP: Read 8191 bytes (total 16496674)
00002110	72.56125641	[16984] HTTP: Read 8191 bytes (total 16504865)
00002111	72.56134033	[16984] HTTP: Read 8191 bytes (total 16513056)
00002112	72.56144714	[16984] HTTP: Read 8191 bytes (total 16521247)
00002113	72.56153870	[16984] HTTP: Read 8191 bytes (total 16529438)
00002114	72.57550812	[16984] HTTP: Read 8191 bytes (total 16537629)
00002115	72.57561493	[16984] HTTP: Read 8191 bytes (total 16545820)
00002116	72.59977722	[16984] HTTP: Read 8191 bytes (total 16554011)
00002117	72.59986877	[16984] HTTP: Read 8191 bytes (total 16562202)
00002118	72.64016724	[16984] HTTP: Read 8191 bytes (total 16570393)
00002119	72.64024353	[16984] HTTP: Read 8191 bytes (total 16578584)

Log file: C:\Users\peopl\work\vdj\vdj_debug.log
